Archive member included to satisfy reference by file (symbol)

C:/Program Files/STM32CubeIDE_1.16.1/STM32CubeIDE/plugins/com.st.stm32cube.ide.mcu.externaltools.gnu-tools-for-stm32.12.3.rel1.win32_1.0.200.202406191623/tools/bin/../lib/gcc/arm-none-eabi/12.3.1/../../../../arm-none-eabi/lib/thumb/v7e-m+fp/hard\libc_nano.a(libc_a-exit.o)
                              C:/Program Files/STM32CubeIDE_1.16.1/STM32CubeIDE/plugins/com.st.stm32cube.ide.mcu.externaltools.gnu-tools-for-stm32.12.3.rel1.win32_1.0.200.202406191623/tools/bin/../lib/gcc/arm-none-eabi/12.3.1/../../../../arm-none-eabi/lib/thumb/v7e-m+fp/hard/crt0.o (exit)
C:/Program Files/STM32CubeIDE_1.16.1/STM32CubeIDE/plugins/com.st.stm32cube.ide.mcu.externaltools.gnu-tools-for-stm32.12.3.rel1.win32_1.0.200.202406191623/tools/bin/../lib/gcc/arm-none-eabi/12.3.1/../../../../arm-none-eabi/lib/thumb/v7e-m+fp/hard\libc_nano.a(libc_a-findfp.o)
                              C:/Program Files/STM32CubeIDE_1.16.1/STM32CubeIDE/plugins/com.st.stm32cube.ide.mcu.externaltools.gnu-tools-for-stm32.12.3.rel1.win32_1.0.200.202406191623/tools/bin/../lib/gcc/arm-none-eabi/12.3.1/../../../../arm-none-eabi/lib/thumb/v7e-m+fp/hard\libc_nano.a(libc_a-exit.o) (__stdio_exit_handler)
C:/Program Files/STM32CubeIDE_1.16.1/STM32CubeIDE/plugins/com.st.stm32cube.ide.mcu.externaltools.gnu-tools-for-stm32.12.3.rel1.win32_1.0.200.202406191623/tools/bin/../lib/gcc/arm-none-eabi/12.3.1/../../../../arm-none-eabi/lib/thumb/v7e-m+fp/hard\libc_nano.a(libc_a-fwalk.o)
                              C:/Program Files/STM32CubeIDE_1.16.1/STM32CubeIDE/plugins/com.st.stm32cube.ide.mcu.externaltools.gnu-tools-for-stm32.12.3.rel1.win32_1.0.200.202406191623/tools/bin/../lib/gcc/arm-none-eabi/12.3.1/../../../../arm-none-eabi/lib/thumb/v7e-m+fp/hard\libc_nano.a(libc_a-findfp.o) (_fwalk_sglue)
C:/Program Files/STM32CubeIDE_1.16.1/STM32CubeIDE/plugins/com.st.stm32cube.ide.mcu.externaltools.gnu-tools-for-stm32.12.3.rel1.win32_1.0.200.202406191623/tools/bin/../lib/gcc/arm-none-eabi/12.3.1/../../../../arm-none-eabi/lib/thumb/v7e-m+fp/hard\libc_nano.a(libc_a-printf.o)
                              ./Core/Src/application.o (printf)
C:/Program Files/STM32CubeIDE_1.16.1/STM32CubeIDE/plugins/com.st.stm32cube.ide.mcu.externaltools.gnu-tools-for-stm32.12.3.rel1.win32_1.0.200.202406191623/tools/bin/../lib/gcc/arm-none-eabi/12.3.1/../../../../arm-none-eabi/lib/thumb/v7e-m+fp/hard\libc_nano.a(libc_a-puts.o)
                              ./Core/Src/application.o (puts)
C:/Program Files/STM32CubeIDE_1.16.1/STM32CubeIDE/plugins/com.st.stm32cube.ide.mcu.externaltools.gnu-tools-for-stm32.12.3.rel1.win32_1.0.200.202406191623/tools/bin/../lib/gcc/arm-none-eabi/12.3.1/../../../../arm-none-eabi/lib/thumb/v7e-m+fp/hard\libc_nano.a(libc_a-stdio.o)
                              C:/Program Files/STM32CubeIDE_1.16.1/STM32CubeIDE/plugins/com.st.stm32cube.ide.mcu.externaltools.gnu-tools-for-stm32.12.3.rel1.win32_1.0.200.202406191623/tools/bin/../lib/gcc/arm-none-eabi/12.3.1/../../../../arm-none-eabi/lib/thumb/v7e-m+fp/hard\libc_nano.a(libc_a-findfp.o) (__sread)
C:/Program Files/STM32CubeIDE_1.16.1/STM32CubeIDE/plugins/com.st.stm32cube.ide.mcu.externaltools.gnu-tools-for-stm32.12.3.rel1.win32_1.0.200.202406191623/tools/bin/../lib/gcc/arm-none-eabi/12.3.1/../../../../arm-none-eabi/lib/thumb/v7e-m+fp/hard\libc_nano.a(libc_a-wbuf.o)
                              C:/Program Files/STM32CubeIDE_1.16.1/STM32CubeIDE/plugins/com.st.stm32cube.ide.mcu.externaltools.gnu-tools-for-stm32.12.3.rel1.win32_1.0.200.202406191623/tools/bin/../lib/gcc/arm-none-eabi/12.3.1/../../../../arm-none-eabi/lib/thumb/v7e-m+fp/hard\libc_nano.a(libc_a-puts.o) (__swbuf_r)
C:/Program Files/STM32CubeIDE_1.16.1/STM32CubeIDE/plugins/com.st.stm32cube.ide.mcu.externaltools.gnu-tools-for-stm32.12.3.rel1.win32_1.0.200.202406191623/tools/bin/../lib/gcc/arm-none-eabi/12.3.1/../../../../arm-none-eabi/lib/thumb/v7e-m+fp/hard\libc_nano.a(libc_a-wsetup.o)
                              C:/Program Files/STM32CubeIDE_1.16.1/STM32CubeIDE/plugins/com.st.stm32cube.ide.mcu.externaltools.gnu-tools-for-stm32.12.3.rel1.win32_1.0.200.202406191623/tools/bin/../lib/gcc/arm-none-eabi/12.3.1/../../../../arm-none-eabi/lib/thumb/v7e-m+fp/hard\libc_nano.a(libc_a-puts.o) (__swsetup_r)
C:/Program Files/STM32CubeIDE_1.16.1/STM32CubeIDE/plugins/com.st.stm32cube.ide.mcu.externaltools.gnu-tools-for-stm32.12.3.rel1.win32_1.0.200.202406191623/tools/bin/../lib/gcc/arm-none-eabi/12.3.1/../../../../arm-none-eabi/lib/thumb/v7e-m+fp/hard\libc_nano.a(libc_a-memset.o)
                              C:/Program Files/STM32CubeIDE_1.16.1/STM32CubeIDE/plugins/com.st.stm32cube.ide.mcu.externaltools.gnu-tools-for-stm32.12.3.rel1.win32_1.0.200.202406191623/tools/bin/../lib/gcc/arm-none-eabi/12.3.1/../../../../arm-none-eabi/lib/thumb/v7e-m+fp/hard/crt0.o (memset)
[...]
Memory Configuration

Name             Origin             Length             Attributes
FLASH            0x08000000         0x00080000         xr
RAM              0x20000008         0x0002fff8         xrw
RAM_SHARED       0x20030000         0x00002800         xrw
*default*        0x00000000         0xffffffff

Linker script and memory map

LOAD C:/Program Files/STM32CubeIDE_1.16.1/STM32CubeIDE/plugins/com.st.stm32cube.ide.mcu.externaltools.gnu-tools-for-stm32.12.3.rel1.win32_1.0.200.202406191623/tools/bin/../lib/gcc/arm-none-eabi/12.3.1/thumb/v7e-m+fp/hard/crti.o
LOAD C:/Program Files/STM32CubeIDE_1.16.1/STM32CubeIDE/plugins/com.st.stm32cube.ide.mcu.externaltools.gnu-tools-for-stm32.12.3.rel1.win32_1.0.200.202406191623/tools/bin/../lib/gcc/arm-none-eabi/12.3.1/thumb/v7e-m+fp/hard/crtbegin.o
LOAD C:/Program Files/STM32CubeIDE_1.16.1/STM32CubeIDE/plugins/com.st.stm32cube.ide.mcu.externaltools.gnu-tools-for-stm32.12.3.rel1.win32_1.0.200.202406191623/tools/bin/../lib/gcc/arm-none-eabi/12.3.1/../../../../arm-none-eabi/lib/thumb/v7e-m+fp/hard/crt0.o
LOAD ./Core/Src/ToFSensor.o
LOAD ./Core/Src/application.o
LOAD ./Core/Src/display.o
LOAD ./Core/Src/main.o
LOAD ./Core/Src/stm32wbxx_hal_msp.o
LOAD ./Core/Src/stm32wbxx_it.o
LOAD ./Core/Src/syscalls.o
LOAD ./Core/Src/sysmem.o
LOAD ./Core/Src/system_stm32wbxx.o
LOAD ./Core/Src/vl53l1_api.o
LOAD ./Core/Src/vl53l1_api_calibration.o
LOAD ./Core/Src/vl53l1_api_core.o
LOAD ./Core/Src/vl53l1_api_debug.o
LOAD ./Core/Src/vl53l1_api_preset_modes.o
LOAD ./Core/Src/vl53l1_api_strings.o
LOAD ./Core/Src/vl53l1_core.o
LOAD ./Core/Src/vl53l1_core_support.o
LOAD ./Core/Src/vl53l1_error_strings.o
LOAD ./Core/Src/vl53l1_platform.o
LOAD ./Core/Src/vl53l1_platform_init.o
LOAD ./Core/Src/vl53l1_platform_log.o
LOAD ./Core/Src/vl53l1_register_funcs.o
LOAD ./Core/Src/vl53l1_silicon_core.o
LOAD ./Core/Src/vl53l1_wait.o
LOAD ./Core/Startup/startup_stm32wb55rgvx.o
LOAD ./Drivers/BSP/P-NUCLEO-WB55.Nucleo/stm32wbxx_nucleo.o
LOAD ./Drivers/STM32WBxx_HAL_Driver/Src/stm32wbxx_hal.o
LOAD ./Drivers/STM32WBxx_HAL_Driver/Src/stm32wbxx_hal_cortex.o
LOAD ./Drivers/STM32WBxx_HAL_Driver/Src/stm32wbxx_hal_dma.o
LOAD ./Drivers/STM32WBxx_HAL_Driver/Src/stm32wbxx_hal_dma_ex.o
LOAD ./Drivers/STM32WBxx_HAL_Driver/Src/stm32wbxx_hal_exti.o
LOAD ./Drivers/STM32WBxx_HAL_Driver/Src/stm32wbxx_hal_flash.o
LOAD ./Drivers/STM32WBxx_HAL_Driver/Src/stm32wbxx_hal_flash_ex.o
LOAD ./Drivers/STM32WBxx_HAL_Driver/Src/stm32wbxx_hal_gpio.o
LOAD ./Drivers/STM32WBxx_HAL_Driver/Src/stm32wbxx_hal_hsem.o
LOAD ./Drivers/STM32WBxx_HAL_Driver/Src/stm32wbxx_hal_i2c.o
LOAD ./Drivers/STM32WBxx_HAL_Driver/Src/stm32wbxx_hal_i2c_ex.o
LOAD ./Drivers/STM32WBxx_HAL_Driver/Src/stm32wbxx_hal_pwr.o
LOAD ./Drivers/STM32WBxx_HAL_Driver/Src/stm32wbxx_hal_pwr_ex.o
LOAD ./Drivers/STM32WBxx_HAL_Driver/Src/stm32wbxx_hal_rcc.o
LOAD ./Drivers/STM32WBxx_HAL_Driver/Src/stm32wbxx_hal_rcc_ex.o
LOAD ./Drivers/STM32WBxx_HAL_Driver/Src/stm32wbxx_hal_spi.o
LOAD ./Drivers/STM32WBxx_HAL_Driver/Src/stm32wbxx_hal_spi_ex.o
LOAD ./Drivers/STM32WBxx_HAL_Driver/Src/stm32wbxx_hal_tim.o
LOAD ./Drivers/STM32WBxx_HAL_Driver/Src/stm32wbxx_hal_tim_ex.o
LOAD ./Drivers/STM32WBxx_HAL_Driver/Src/stm32wbxx_hal_uart.o
LOAD ./Drivers/STM32WBxx_HAL_Driver/Src/stm32wbxx_hal_uart_ex.o
LOAD ./Drivers/STM32WBxx_HAL_Driver/Src/stm32wbxx_hal_usart.o
LOAD ./Drivers/STM32WBxx_HAL_Driver/Src/stm32wbxx_hal_usart_ex.o
LOAD ./Drivers/STM32WBxx_HAL_Driver/Src/stm32wbxx_ll_rcc.o
START GROUP
LOAD C:/Program Files/STM32CubeIDE_1.16.1/STM32CubeIDE/plugins/com.st.stm32cube.ide.mcu.externaltools.gnu-tools-for-stm32.12.3.rel1.win32_1.0.200.202406191623/tools/bin/../lib/gcc/arm-none-eabi/12.3.1/../../../../arm-none-eabi/lib/thumb/v7e-m+fp/hard\libc_nano.a
LOAD C:/Program Files/STM32CubeIDE_1.16.1/STM32CubeIDE/plugins/com.st.stm32cube.ide.mcu.externaltools.gnu-tools-for-stm32.12.3.rel1.win32_1.0.200.202406191623/tools/bin/../lib/gcc/arm-none-eabi/12.3.1/../../../../arm-none-eabi/lib/thumb/v7e-m+fp/hard\libm.a
END GROUP
START GROUP
LOAD C:/Program Files/STM32CubeIDE_1.16.1/STM32CubeIDE/plugins/com.st.stm32cube.ide.mcu.externaltools.gnu-tools-for-stm32.12.3.rel1.win32_1.0.200.202406191623/tools/bin/../lib/gcc/arm-none-eabi/12.3.1/thumb/v7e-m+fp/hard\libgcc.a
LOAD C:/Program Files/STM32CubeIDE_1.16.1/STM32CubeIDE/plugins/com.st.stm32cube.ide.mcu.externaltools.gnu-tools-for-stm32.12.3.rel1.win32_1.0.200.202406191623/tools/bin/../lib/gcc/arm-none-eabi/12.3.1/../../../../arm-none-eabi/lib/thumb/v7e-m+fp/hard\libc_nano.a
END GROUP
START GROUP
LOAD C:/Program Files/STM32CubeIDE_1.16.1/STM32CubeIDE/plugins/com.st.stm32cube.ide.mcu.externaltools.gnu-tools-for-stm32.12.3.rel1.win32_1.0.200.202406191623/tools/bin/../lib/gcc/arm-none-eabi/12.3.1/thumb/v7e-m+fp/hard\libgcc.a
LOAD C:/Program Files/STM32CubeIDE_1.16.1/STM32CubeIDE/plugins/com.st.stm32cube.ide.mcu.externaltools.gnu-tools-for-stm32.12.3.rel1.win32_1.0.200.202406191623/tools/bin/../lib/gcc/arm-none-eabi/12.3.1/../../../../arm-none-eabi/lib/thumb/v7e-m+fp/hard\libc_nano.a
LOAD C:/Program Files/STM32CubeIDE_1.16.1/STM32CubeIDE/plugins/com.st.stm32cube.ide.mcu.externaltools.gnu-tools-for-stm32.12.3.rel1.win32_1.0.200.202406191623/tools/bin/../lib/gcc/arm-none-eabi/12.3.1/../../../../arm-none-eabi/lib/thumb/v7e-m+fp/hard\libnosys.a
END GROUP
START GROUP
LOAD C:/Program Files/STM32CubeIDE_1.16.1/STM32CubeIDE/plugins/com.st.stm32cube.ide.mcu.externaltools.gnu-tools-for-stm32.12.3.rel1.win32_1.0.200.202406191623/tools/bin/../lib/gcc/arm-none-eabi/12.3.1/thumb/v7e-m+fp/hard\libgcc.a
LOAD C:/Program Files/STM32CubeIDE_1.16.1/STM32CubeIDE/plugins/com.st.stm32cube.ide.mcu.externaltools.gnu-tools-for-stm32.12.3.rel1.win32_1.0.200.202406191623/tools/bin/../lib/gcc/arm-none-eabi/12.3.1/../../../../arm-none-eabi/lib/thumb/v7e-m+fp/hard\libc_nano.a
LOAD C:/Program Files/STM32CubeIDE_1.16.1/STM32CubeIDE/plugins/com.st.stm32cube.ide.mcu.externaltools.gnu-tools-for-stm32.12.3.rel1.win32_1.0.200.202406191623/tools/bin/../lib/gcc/arm-none-eabi/12.3.1/../../../../arm-none-eabi/lib/thumb/v7e-m+fp/hard\libnosys.a
END GROUP
LOAD C:/Program Files/STM32CubeIDE_1.16.1/STM32CubeIDE/plugins/com.st.stm32cube.ide.mcu.externaltools.gnu-tools-for-stm32.12.3.rel1.win32_1.0.200.202406191623/tools/bin/../lib/gcc/arm-none-eabi/12.3.1/thumb/v7e-m+fp/hard/crtend.o
LOAD C:/Program Files/STM32CubeIDE_1.16.1/STM32CubeIDE/plugins/com.st.stm32cube.ide.mcu.externaltools.gnu-tools-for-stm32.12.3.rel1.win32_1.0.200.202406191623/tools/bin/../lib/gcc/arm-none-eabi/12.3.1/thumb/v7e-m+fp/hard/crtn.o
                0x20030000                        _estack = (ORIGIN (RAM) + LENGTH (RAM))
                0x00000200                        _Min_Heap_Size = 0x200
                0x00000400                        _Min_Stack_Size = 0x400

.isr_vector     0x08000000      0x13c
                0x08000000                        . = ALIGN (0x4)
 *(.isr_vector)
 .isr_vector    0x08000000      0x13c ./Core/Startup/startup_stm32wb55rgvx.o
                0x08000000                g_pfnVectors
                0x0800013c                        . = ALIGN (0x4)

.text           0x08000140     0xbdc4
                0x08000140                        . = ALIGN (0x4)
 *(.text)
 .text          0x08000140       0x40 C:/Program Files/STM32CubeIDE_1.16.1/STM32CubeIDE/plugins/com.st.stm32cube.ide.mcu.externaltools.gnu-tools-for-stm32.12.3.rel1.win32_1.0.200.202406191623/tools/bin/../lib/gcc/arm-none-eabi/12.3.1/thumb/v7e-m+fp/hard/crtbegin.o
 .text          0x08000180       0xa0 C:/Program Files/STM32CubeIDE_1.16.1/STM32CubeIDE/plugins/com.st.stm32cube.ide.mcu.externaltools.gnu-tools-for-stm32.12.3.rel1.win32_1.0.200.202406191623/tools/bin/../lib/gcc/arm-none-eabi/12.3.1/../../../../arm-none-eabi/lib/thumb/v7e-m+fp/hard\libc_nano.a(libc_a-memchr.o)
                0x08000180                memchr
 .text          0x08000220       0x30 C:/Program Files/STM32CubeIDE_1.16.1/STM32CubeIDE/plugins/com.st.stm32cube.ide.mcu.externaltools.gnu-tools-for-stm32.12.3.rel1.win32_1.0.200.202406191623/tools/bin/../lib/gcc/arm-none-eabi/12.3.1/thumb/v7e-m+fp/hard\libgcc.a(_aeabi_uldivmod.o)
                0x08000220                __aeabi_uldivmod
 .text          0x08000250      0x2bc C:/Program Files/STM32CubeIDE_1.16.1/STM32CubeIDE/plugins/com.st.stm32cube.ide.mcu.externaltools.gnu-tools-for-stm32.12.3.rel1.win32_1.0.200.202406191623/tools/bin/../lib/gcc/arm-none-eabi/12.3.1/thumb/v7e-m+fp/hard\libgcc.a(_udivmoddi4.o)
                0x08000250                __udivmoddi4
 .text          0x0800050c        0x4 C:/Program Files/STM32CubeIDE_1.16.1/STM32CubeIDE/plugins/com.st.stm32cube.ide.mcu.externaltools.gnu-tools-for-stm32.12.3.rel1.win32_1.0.200.202406191623/tools/bin/../lib/gcc/arm-none-eabi/12.3.1/thumb/v7e-m+fp/hard\libgcc.a(_dvmd_tls.o)
                0x0800050c                __aeabi_idiv0
                0x0800050c                __aeabi_ldiv0
 *(.text*)
 .text.application
                0x08000510       0xec ./Core/Src/application.o
                0x08000510                application
 .text.Display_Initialize
                0x080005fc       0xb0 ./Core/Src/display.o
                0x080005fc                Display_Initialize
 .text.send_command_display
                0x080006ac       0x4c ./Core/Src/display.o
                0x080006ac                send_command_display
 .text.send_data_display
                0x080006f8       0x34 ./Core/Src/display.o
                0x080006f8                send_data_display
 .text.SH1106_Clear
                0x0800072c       0x5a ./Core/Src/display.o
                0x0800072c                SH1106_Clear
 .text.LL_AHB2_GRP1_EnableClock
                0x08000786       0x32 ./Core/Src/main.o
 .text.main     0x080007b8       0x88 ./Core/Src/main.o
                0x080007b8                main
 .text.SystemClock_Config
                0x08000840       0xb0 ./Core/Src/main.o
                0x08000840                SystemClock_Config
 .text.PeriphCommonClock_Config
                0x080008f0       0x3a ./Core/Src/main.o
                0x080008f0                PeriphCommonClock_Config
 *fill*         0x0800092a        0x2 
 .text.MX_I2C3_Init
                0x0800092c       0x80 ./Core/Src/main.o
 .text.MX_SPI1_Init
                0x080009ac       0x7c ./Core/Src/main.o
 .text.MX_TIM2_Init
                0x08000a28       0xa8 ./Core/Src/main.o
 .text.MX_GPIO_Init
                0x08000ad0       0x98 ./Core/Src/main.o
 .text.Error_Handler
                0x08000b68        0xc ./Core/Src/main.o
                0x08000b68                Error_Handler
 .text.LL_AHB2_GRP1_EnableClock
                0x08000b74       0x32 ./Core/Src/stm32wbxx_hal_msp.o
 .text.LL_APB1_GRP1_EnableClock
                0x08000ba6       0x32 ./Core/Src/stm32wbxx_hal_msp.o
 .text.LL_APB2_GRP1_EnableClock
                0x08000bd8       0x32 ./Core/Src/stm32wbxx_hal_msp.o
 .text.HAL_MspInit
                0x08000c0a        0xe ./Core/Src/stm32wbxx_hal_msp.o
                0x08000c0a                HAL_MspInit
 .text.HAL_I2C_MspInit
                0x08000c18       0x8c ./Core/Src/stm32wbxx_hal_msp.o
                0x08000c18                HAL_I2C_MspInit
 .text.HAL_SPI_MspInit
                0x08000ca4       0x70 ./Core/Src/stm32wbxx_hal_msp.o
                0x08000ca4                HAL_SPI_MspInit
 .text.HAL_TIM_Encoder_MspInit
                0x08000d14       0x68 ./Core/Src/stm32wbxx_hal_msp.o
                0x08000d14                HAL_TIM_Encoder_MspInit
 .text.NMI_Handler
                0x08000d7c        0x8 ./Core/Src/stm32wbxx_it.o
                0x08000d7c                NMI_Handler
 .text.HardFault_Handler
                0x08000d84        0x8 ./Core/Src/stm32wbxx_it.o
                0x08000d84                HardFault_Handler
 .text.MemManage_Handler
                0x08000d8c        0x8 ./Core/Src/stm32wbxx_it.o
                0x08000d8c                MemManage_Handler
 .text.BusFault_Handler
                0x08000d94        0x8 ./Core/Src/stm32wbxx_it.o
                0x08000d94                BusFault_Handler
 .text.UsageFault_Handler
                0x08000d9c        0x8 ./Core/Src/stm32wbxx_it.o
                0x08000d9c                UsageFault_Handler
 .text.SVC_Handler
                0x08000da4        0xe ./Core/Src/stm32wbxx_it.o
                0x08000da4                SVC_Handler
 .text.DebugMon_Handler
                0x08000db2        0xe ./Core/Src/stm32wbxx_it.o
                0x08000db2                DebugMon_Handler
 .text.PendSV_Handler
                0x08000dc0        0xe ./Core/Src/stm32wbxx_it.o
                0x08000dc0                PendSV_Handler
 .text.SysTick_Handler
                0x08000dce        0xc ./Core/Src/stm32wbxx_it.o
                0x08000dce                SysTick_Handler
 .text.EXTI0_IRQHandler
                0x08000dda        0xe ./Core/Src/stm32wbxx_it.o
                0x08000dda                EXTI0_IRQHandler
 .text.EXTI1_IRQHandler
                0x08000de8        0xe ./Core/Src/stm32wbxx_it.o
                0x08000de8                EXTI1_IRQHandler
 .text.EXTI4_IRQHandler
                0x08000df6        0xe ./Core/Src/stm32wbxx_it.o
                0x08000df6                EXTI4_IRQHandler
 .text.TIM2_IRQHandler
                0x08000e04       0x14 ./Core/Src/stm32wbxx_it.o
                0x08000e04                TIM2_IRQHandler
 .text.SPI1_IRQHandler
                0x08000e18       0x14 ./Core/Src/stm32wbxx_it.o
                0x08000e18                SPI1_IRQHandler
 .text._read    0x08000e2c       0x3a ./Core/Src/syscalls.o
                0x08000e2c                _read
 .text._write   0x08000e66       0x38 ./Core/Src/syscalls.o
                0x08000e66                _write
 .text._close   0x08000e9e       0x18 ./Core/Src/syscalls.o
                0x08000e9e                _close
 .text._fstat   0x08000eb6       0x20 ./Core/Src/syscalls.o
                0x08000eb6                _fstat
 .text._isatty  0x08000ed6       0x16 ./Core/Src/syscalls.o
                0x08000ed6                _isatty
 .text._lseek   0x08000eec       0x1a ./Core/Src/syscalls.o
                0x08000eec                _lseek
 *fill*         0x08000f06        0x2 
 .text._sbrk    0x08000f08       0x6c ./Core/Src/sysmem.o
                0x08000f08                _sbrk
 .text.SystemInit
                0x08000f74       0xa4 ./Core/Src/system_stm32wbxx.o
                0x08000f74                SystemInit
 .text.VL53L1_GetDeviceInfo
                0x08001018       0xb0 ./Core/Src/vl53l1_api.o
                0x08001018                VL53L1_GetDeviceInfo
 .text.VL53L1_DataInit
                0x080010c8       0x72 ./Core/Src/vl53l1_api.o
                0x080010c8                VL53L1_DataInit
 .text.VL53L1_StaticInit
                0x0800113a       0x3e ./Core/Src/vl53l1_api.o
                0x0800113a                VL53L1_StaticInit
 .text.ComputeDevicePresetMode
                0x08001178       0xd0 ./Core/Src/vl53l1_api.o
 .text.SetPresetMode
                0x08001248       0xde ./Core/Src/vl53l1_api.o
 .text.VL53L1_SetPresetMode
                0x08001326       0x8a ./Core/Src/vl53l1_api.o
                0x08001326                VL53L1_SetPresetMode
 .text.VL53L1_SetDistanceMode
                0x080013b0       0xea ./Core/Src/vl53l1_api.o
                0x080013b0                VL53L1_SetDistanceMode
 *fill*         0x0800149a        0x2 
 .text.VL53L1_SetMeasurementTimingBudgetMicroSeconds
                0x0800149c      0x1c0 ./Core/Src/vl53l1_api.o
                0x0800149c                VL53L1_SetMeasurementTimingBudgetMicroSeconds
 .text.VL53L1_GetMeasurementTimingBudgetMicroSeconds
                0x0800165c      0x154 ./Core/Src/vl53l1_api.o
                0x0800165c                VL53L1_GetMeasurementTimingBudgetMicroSeconds
 .text.VL53L1_SetInterMeasurementPeriodMilliSeconds
                0x080017b0       0x40 ./Core/Src/vl53l1_api.o
                0x080017b0                VL53L1_SetInterMeasurementPeriodMilliSeconds
 .text.VL53L1_GetInterMeasurementPeriodMilliSeconds
                0x080017f0       0x48 ./Core/Src/vl53l1_api.o
                0x080017f0                VL53L1_GetInterMeasurementPeriodMilliSeconds
 .text.SetLimitValue
                0x08001838       0x52 ./Core/Src/vl53l1_api.o
 .text.VL53L1_SetLimitCheckEnable
                0x0800188a       0x7c ./Core/Src/vl53l1_api.o
                0x0800188a                VL53L1_SetLimitCheckEnable
 .text.VL53L1_GetLimitCheckEnable
                0x08001906       0x46 ./Core/Src/vl53l1_api.o
                0x08001906                VL53L1_GetLimitCheckEnable
 .text.VL53L1_GetLimitCheckValue
                0x0800194c       0xb2 ./Core/Src/vl53l1_api.o
                0x0800194c                VL53L1_GetLimitCheckValue
 .text.VL53L1_GetSequenceStepEnable
                0x080019fe       0x2e ./Core/Src/vl53l1_api.o
                0x080019fe                VL53L1_GetSequenceStepEnable
 .text.VL53L1_StartMeasurement
                0x08001a2c       0xd8 ./Core/Src/vl53l1_api.o
                0x08001a2c                VL53L1_StartMeasurement
 .text.VL53L1_ClearInterruptAndStartMeasurement
                0x08001b04       0x2c ./Core/Src/vl53l1_api.o
                0x08001b04                VL53L1_ClearInterruptAndStartMeasurement
 .text.ComputeRQL
                0x08001b30       0xf0 ./Core/Src/vl53l1_api.o
 .text.ConvertStatusLite
                0x08001c20       0xa0 ./Core/Src/vl53l1_api.o
 .text.SetSimpleData
                0x08001cc0      0x1c0 ./Core/Src/vl53l1_api.o
 .text.VL53L1_GetRangingMeasurementData
                0x08001e80       0x78 ./Core/Src/vl53l1_api.o
                0x08001e80                VL53L1_GetRangingMeasurementData
 .text.VL53L1_LoadPatch
                0x08001ef8      0x250 ./Core/Src/vl53l1_api.o
 .text.VL53L1_data_init
                0x08002148      0x13a ./Core/Src/vl53l1_api_core.o
                0x08002148                VL53L1_data_init
 .text.VL53L1_read_p2p_data
                0x08002282      0x100 ./Core/Src/vl53l1_api_core.o
                0x08002282                VL53L1_read_p2p_data
 .text.VL53L1_set_inter_measurement_period_ms
                0x08002382       0x52 ./Core/Src/vl53l1_api_core.o
                0x08002382                VL53L1_set_inter_measurement_period_ms
 .text.VL53L1_get_inter_measurement_period_ms
                0x080023d4       0x4c ./Core/Src/vl53l1_api_core.o
                0x080023d4                VL53L1_get_inter_measurement_period_ms
 .text.VL53L1_set_timeouts_us
                0x08002420       0x70 ./Core/Src/vl53l1_api_core.o
                0x08002420                VL53L1_set_timeouts_us
 .text.VL53L1_get_timeouts_us
                0x08002490       0xd2 ./Core/Src/vl53l1_api_core.o
                0x08002490                VL53L1_get_timeouts_us
 .text.VL53L1_get_sequence_config_bit
                0x08002562       0x6e ./Core/Src/vl53l1_api_core.o
                0x08002562                VL53L1_get_sequence_config_bit
 .text.VL53L1_set_user_zone
                0x080025d0       0x46 ./Core/Src/vl53l1_api_core.o
                0x080025d0                VL53L1_set_user_zone
 .text.VL53L1_get_user_zone
                0x08002616       0x44 ./Core/Src/vl53l1_api_core.o
                0x08002616                VL53L1_get_user_zone
 .text.VL53L1_get_mode_mitigation_roi
                0x0800265a       0x68 ./Core/Src/vl53l1_api_core.o
                0x0800265a                VL53L1_get_mode_mitigation_roi
 *fill*         0x080026c2        0x2 
 .text.VL53L1_get_preset_mode_timing_cfg
                0x080026c4      0x154 ./Core/Src/vl53l1_api_core.o
                0x080026c4                VL53L1_get_preset_mode_timing_cfg
 .text.VL53L1_set_preset_mode
                0x08002818      0x2ec ./Core/Src/vl53l1_api_core.o
                0x08002818                VL53L1_set_preset_mode
 .text.VL53L1_get_lite_sigma_threshold
                0x08002b04       0x2c ./Core/Src/vl53l1_api_core.o
                0x08002b04                VL53L1_get_lite_sigma_threshold
 .text.VL53L1_set_lite_sigma_threshold
                0x08002b30       0x2c ./Core/Src/vl53l1_api_core.o
                0x08002b30                VL53L1_set_lite_sigma_threshold
 .text.VL53L1_get_lite_min_count_rate
                0x08002b5c       0x2c ./Core/Src/vl53l1_api_core.o
                0x08002b5c                VL53L1_get_lite_min_count_rate
 .text.VL53L1_set_lite_min_count_rate
                0x08002b88       0x2c ./Core/Src/vl53l1_api_core.o
                0x08002b88                VL53L1_set_lite_min_count_rate
 .text.VL53L1_set_vhv_loopbound
                0x08002bb4       0x40 ./Core/Src/vl53l1_api_core.o
                0x08002bb4                VL53L1_set_vhv_loopbound
 .text.VL53L1_init_and_start_range
                0x08002bf4      0x4c4 ./Core/Src/vl53l1_api_core.o
                0x08002bf4                VL53L1_init_and_start_range
 .text.VL53L1_get_measurement_results
                0x080030b8      0x178 ./Core/Src/vl53l1_api_core.o
                0x080030b8                VL53L1_get_measurement_results
 .text.VL53L1_get_device_results
                0x08003230       0xe0 ./Core/Src/vl53l1_api_core.o
                0x08003230                VL53L1_get_device_results
 .text.VL53L1_clear_interrupt_and_enable_next_range
                0x08003310       0x34 ./Core/Src/vl53l1_api_core.o
                0x08003310                VL53L1_clear_interrupt_and_enable_next_range
 .text.VL53L1_copy_sys_and_core_results_to_range_results
                0x08003344      0x234 ./Core/Src/vl53l1_api_core.o
                0x08003344                VL53L1_copy_sys_and_core_results_to_range_results
 .text.VL53L1_get_tuning_parm
                0x08003578      0x448 ./Core/Src/vl53l1_api_core.o
                0x08003578                VL53L1_get_tuning_parm
 .text.VL53L1_init_refspadchar_config_struct
                0x080039c0       0x48 ./Core/Src/vl53l1_api_preset_modes.o
                0x080039c0                VL53L1_init_refspadchar_config_struct
 .text.VL53L1_init_ssc_config_struct
                0x08003a08       0x42 ./Core/Src/vl53l1_api_preset_modes.o
                0x08003a08                VL53L1_init_ssc_config_struct
 .text.VL53L1_init_xtalk_config_struct
                0x08003a4a       0xc4 ./Core/Src/vl53l1_api_preset_modes.o
                0x08003a4a                VL53L1_init_xtalk_config_struct
 .text.VL53L1_init_offset_cal_config_struct
                0x08003b0e       0x4e ./Core/Src/vl53l1_api_preset_modes.o
                0x08003b0e                VL53L1_init_offset_cal_config_struct
 .text.VL53L1_init_tuning_parm_storage_struct
                0x08003b5c      0x11e ./Core/Src/vl53l1_api_preset_modes.o
                0x08003b5c                VL53L1_init_tuning_parm_storage_struct
 .text.VL53L1_preset_mode_standard_ranging
                0x08003c7a      0x23c ./Core/Src/vl53l1_api_preset_modes.o
                0x08003c7a                VL53L1_preset_mode_standard_ranging
 .text.VL53L1_preset_mode_standard_ranging_short_range
                0x08003eb6       0x82 ./Core/Src/vl53l1_api_preset_modes.o
                0x08003eb6                VL53L1_preset_mode_standard_ranging_short_range
 .text.VL53L1_preset_mode_standard_ranging_long_range
                0x08003f38       0x82 ./Core/Src/vl53l1_api_preset_modes.o
                0x08003f38                VL53L1_preset_mode_standard_ranging_long_range
 .text.VL53L1_preset_mode_standard_ranging_mm1_cal
                0x08003fba       0x4a ./Core/Src/vl53l1_api_preset_modes.o
                0x08003fba                VL53L1_preset_mode_standard_ranging_mm1_cal
 .text.VL53L1_preset_mode_standard_ranging_mm2_cal
                0x08004004       0x4a ./Core/Src/vl53l1_api_preset_modes.o
                0x08004004                VL53L1_preset_mode_standard_ranging_mm2_cal
 .text.VL53L1_preset_mode_timed_ranging
                0x0800404e       0x74 ./Core/Src/vl53l1_api_preset_modes.o
                0x0800404e                VL53L1_preset_mode_timed_ranging
 .text.VL53L1_preset_mode_timed_ranging_short_range
                0x080040c2       0x74 ./Core/Src/vl53l1_api_preset_modes.o
                0x080040c2                VL53L1_preset_mode_timed_ranging_short_range
 .text.VL53L1_preset_mode_timed_ranging_long_range
                0x08004136       0x74 ./Core/Src/vl53l1_api_preset_modes.o
                0x08004136                VL53L1_preset_mode_timed_ranging_long_range
 .text.VL53L1_preset_mode_low_power_auto_ranging
                0x080041aa       0x4c ./Core/Src/vl53l1_api_preset_modes.o
                0x080041aa                VL53L1_preset_mode_low_power_auto_ranging
 .text.VL53L1_preset_mode_low_power_auto_short_ranging
                0x080041f6       0x4c ./Core/Src/vl53l1_api_preset_modes.o
                0x080041f6                VL53L1_preset_mode_low_power_auto_short_ranging
 .text.VL53L1_preset_mode_low_power_auto_long_ranging
                0x08004242       0x4c ./Core/Src/vl53l1_api_preset_modes.o
                0x08004242                VL53L1_preset_mode_low_power_auto_long_ranging
 .text.VL53L1_preset_mode_singleshot_ranging
                0x0800428e       0x6c ./Core/Src/vl53l1_api_preset_modes.o
                0x0800428e                VL53L1_preset_mode_singleshot_ranging
 .text.VL53L1_preset_mode_olt
                0x080042fa       0x44 ./Core/Src/vl53l1_api_preset_modes.o
                0x080042fa                VL53L1_preset_mode_olt
 .text.VL53L1_init_version
                0x0800433e       0x38 ./Core/Src/vl53l1_core.o
                0x0800433e                VL53L1_init_version
 .text.VL53L1_init_ll_driver_state
                0x08004376       0x52 ./Core/Src/vl53l1_core.o
                0x08004376                VL53L1_init_ll_driver_state
 .text.VL53L1_update_ll_driver_rd_state
                0x080043c8      0x110 ./Core/Src/vl53l1_core.o
                0x080043c8                VL53L1_update_ll_driver_rd_state
 .text.VL53L1_check_ll_driver_rd_state
                0x080044d8       0x96 ./Core/Src/vl53l1_core.o
                0x080044d8                VL53L1_check_ll_driver_rd_state
 .text.VL53L1_update_ll_driver_cfg_state
                0x0800456e       0xcc ./Core/Src/vl53l1_core.o
                0x0800456e                VL53L1_update_ll_driver_cfg_state
 .text.VL53L1_copy_rtn_good_spads_to_buffer
                0x0800463a      0x174 ./Core/Src/vl53l1_core.o
                0x0800463a                VL53L1_copy_rtn_good_spads_to_buffer
 .text.VL53L1_i2c_encode_uint16_t
                0x080047ae       0x56 ./Core/Src/vl53l1_core.o
                0x080047ae                VL53L1_i2c_encode_uint16_t
 .text.VL53L1_i2c_decode_uint16_t
                0x08004804       0x40 ./Core/Src/vl53l1_core.o
                0x08004804                VL53L1_i2c_decode_uint16_t
 .text.VL53L1_i2c_encode_int16_t
                0x08004844       0x58 ./Core/Src/vl53l1_core.o
                0x08004844                VL53L1_i2c_encode_int16_t
 .text.VL53L1_i2c_decode_int16_t
                0x0800489c       0x52 ./Core/Src/vl53l1_core.o
                0x0800489c                VL53L1_i2c_decode_int16_t
 .text.VL53L1_i2c_encode_uint32_t
                0x080048ee       0x54 ./Core/Src/vl53l1_core.o
                0x080048ee                VL53L1_i2c_encode_uint32_t
 .text.VL53L1_i2c_decode_uint32_t
                0x08004942       0x3a ./Core/Src/vl53l1_core.o
                0x08004942                VL53L1_i2c_decode_uint32_t
 .text.VL53L1_i2c_decode_int32_t
                0x0800497c       0x4a ./Core/Src/vl53l1_core.o
                0x0800497c                VL53L1_i2c_decode_int32_t
 .text.VL53L1_set_powerforce_register
                0x080049c6       0x3c ./Core/Src/vl53l1_core.o
                0x080049c6                VL53L1_set_powerforce_register
 .text.VL53L1_enable_powerforce
                0x08004a02       0x24 ./Core/Src/vl53l1_core.o
                0x08004a02                VL53L1_enable_powerforce
 .text.VL53L1_calc_macro_period_us
                0x08004a26       0x5e ./Core/Src/vl53l1_core.o
                0x08004a26                VL53L1_calc_macro_period_us
 .text.VL53L1_calc_range_ignore_threshold
                0x08004a84       0xc4 ./Core/Src/vl53l1_core.o
                0x08004a84                VL53L1_calc_range_ignore_threshold
 .text.VL53L1_calc_timeout_mclks
                0x08004b48       0x2e ./Core/Src/vl53l1_core.o
                0x08004b48                VL53L1_calc_timeout_mclks
 .text.VL53L1_calc_encoded_timeout
                0x08004b76       0x30 ./Core/Src/vl53l1_core.o
                0x08004b76                VL53L1_calc_encoded_timeout
 .text.VL53L1_calc_timeout_us
                0x08004ba6       0x80 ./Core/Src/vl53l1_core.o
                0x08004ba6                VL53L1_calc_timeout_us
 .text.VL53L1_calc_decoded_timeout_us
                0x08004c26       0x32 ./Core/Src/vl53l1_core.o
                0x08004c26                VL53L1_calc_decoded_timeout_us
 .text.VL53L1_encode_timeout
                0x08004c58       0x54 ./Core/Src/vl53l1_core.o
                0x08004c58                VL53L1_encode_timeout
 .text.VL53L1_decode_timeout
                0x08004cac       0x2c ./Core/Src/vl53l1_core.o
                0x08004cac                VL53L1_decode_timeout
 .text.VL53L1_calc_timeout_register_values
                0x08004cd8       0xf2 ./Core/Src/vl53l1_core.o
                0x08004cd8                VL53L1_calc_timeout_register_values
 .text.VL53L1_encode_row_col
                0x08004dca       0x4e ./Core/Src/vl53l1_core.o
                0x08004dca                VL53L1_encode_row_col
 .text.VL53L1_decode_zone_size
                0x08004e18       0x30 ./Core/Src/vl53l1_core.o
                0x08004e18                VL53L1_decode_zone_size
 .text.VL53L1_encode_zone_size
                0x08004e48       0x2c ./Core/Src/vl53l1_core.o
                0x08004e48                VL53L1_encode_zone_size
 .text.VL53L1_low_power_auto_data_init
                0x08004e74       0x68 ./Core/Src/vl53l1_core.o
                0x08004e74                VL53L1_low_power_auto_data_init
 .text.VL53L1_config_low_power_auto_mode
                0x08004edc       0x32 ./Core/Src/vl53l1_core.o
                0x08004edc                VL53L1_config_low_power_auto_mode
 .text.VL53L1_low_power_auto_setup_manual_calibration
                0x08004f0e       0x8a ./Core/Src/vl53l1_core.o
                0x08004f0e                VL53L1_low_power_auto_setup_manual_calibration
 .text.VL53L1_calc_pll_period_us
                0x08004f98       0x28 ./Core/Src/vl53l1_core_support.o
                0x08004f98                VL53L1_calc_pll_period_us
 .text.VL53L1_decode_vcsel_period
                0x08004fc0       0x26 ./Core/Src/vl53l1_core_support.o
                0x08004fc0                VL53L1_decode_vcsel_period
 .text.VL53L1_decode_row_col
                0x08004fe6       0x5e ./Core/Src/vl53l1_core_support.o
                0x08004fe6                VL53L1_decode_row_col
 .text.VL53L1_WriteMulti
                0x08005044       0x58 ./Core/Src/vl53l1_platform.o
                0x08005044                VL53L1_WriteMulti
 .text.VL53L1_ReadMulti
                0x0800509c       0x58 ./Core/Src/vl53l1_platform.o
                0x0800509c                VL53L1_ReadMulti
 .text.VL53L1_WrByte
                0x080050f4       0x26 ./Core/Src/vl53l1_platform.o
                0x080050f4                VL53L1_WrByte
 *fill*         0x0800511a        0x2 
 .text.VL53L1_RdWord
                0x0800511c       0x6c ./Core/Src/vl53l1_platform.o
                0x0800511c                VL53L1_RdWord
 .text.VL53L1_i2c_encode_static_nvm_managed
                0x08005188       0xb6 ./Core/Src/vl53l1_register_funcs.o
                0x08005188                VL53L1_i2c_encode_static_nvm_managed
 .text.VL53L1_i2c_decode_static_nvm_managed
                0x0800523e       0xb4 ./Core/Src/vl53l1_register_funcs.o
                0x0800523e                VL53L1_i2c_decode_static_nvm_managed
 .text.VL53L1_get_static_nvm_managed
                0x080052f2       0x4e ./Core/Src/vl53l1_register_funcs.o
                0x080052f2                VL53L1_get_static_nvm_managed
 .text.VL53L1_i2c_encode_customer_nvm_managed
                0x08005340      0x114 ./Core/Src/vl53l1_register_funcs.o
                0x08005340                VL53L1_i2c_encode_customer_nvm_managed
 .text.VL53L1_i2c_decode_customer_nvm_managed
                0x08005454      0x11a ./Core/Src/vl53l1_register_funcs.o
                0x08005454                VL53L1_i2c_decode_customer_nvm_managed
 .text.VL53L1_get_customer_nvm_managed
                0x0800556e       0x4e ./Core/Src/vl53l1_register_funcs.o
                0x0800556e                VL53L1_get_customer_nvm_managed
 .text.VL53L1_i2c_encode_static_config
                0x080055bc      0x1c6 ./Core/Src/vl53l1_register_funcs.o
                0x080055bc                VL53L1_i2c_encode_static_config
 .text.VL53L1_i2c_encode_general_config
                0x08005782      0x108 ./Core/Src/vl53l1_register_funcs.o
                0x08005782                VL53L1_i2c_encode_general_config
 .text.VL53L1_i2c_encode_timing_config
                0x0800588a      0x104 ./Core/Src/vl53l1_register_funcs.o
                0x0800588a                VL53L1_i2c_encode_timing_config
 .text.VL53L1_i2c_encode_dynamic_config
                0x0800598e      0x10a ./Core/Src/vl53l1_register_funcs.o
                0x0800598e                VL53L1_i2c_encode_dynamic_config
 .text.VL53L1_i2c_encode_system_control
                0x08005a98       0x76 ./Core/Src/vl53l1_register_funcs.o
                0x08005a98                VL53L1_i2c_encode_system_control
 .text.VL53L1_i2c_decode_system_results
                0x08005b0e      0x1ec ./Core/Src/vl53l1_register_funcs.o
                0x08005b0e                VL53L1_i2c_decode_system_results
 .text.VL53L1_i2c_decode_core_results
                0x08005cfa       0xc2 ./Core/Src/vl53l1_register_funcs.o
                0x08005cfa                VL53L1_i2c_decode_core_results
 .text.VL53L1_i2c_decode_debug_results
                0x08005dbc      0x2e4 ./Core/Src/vl53l1_register_funcs.o
                0x08005dbc                VL53L1_i2c_decode_debug_results
 .text.VL53L1_i2c_decode_nvm_copy_data
                0x080060a0      0x24c ./Core/Src/vl53l1_register_funcs.o
                0x080060a0                VL53L1_i2c_decode_nvm_copy_data
 .text.VL53L1_get_nvm_copy_data
                0x080062ec       0x56 ./Core/Src/vl53l1_register_funcs.o
                0x080062ec                VL53L1_get_nvm_copy_data
 .text.data_initializers
                0x08006342       0x18 ./Core/Startup/startup_stm32wb55rgvx.o
 *fill*         0x0800635a        0x2 
 .text.Reset_Handler
                0x0800635c       0x58 ./Core/Startup/startup_stm32wb55rgvx.o
                0x0800635c                Reset_Handler
 .text.Default_Handler
                0x080063b4        0x2 ./Core/Startup/startup_stm32wb55rgvx.o
                0x080063b4                RTC_Alarm_IRQHandler
                0x080063b4                EXTI2_IRQHandler
                0x080063b4                TIM1_CC_IRQHandler
                0x080063b4                TSC_IRQHandler
                0x080063b4                USB_HP_IRQHandler
                0x080063b4                EXTI3_IRQHandler
                0x080063b4                LPTIM2_IRQHandler
                0x080063b4                I2C3_ER_IRQHandler
                0x080063b4                FPU_IRQHandler
                0x080063b4                TIM1_UP_TIM16_IRQHandler
                0x080063b4                AES1_IRQHandler
                0x080063b4                PWR_SOTF_BLEACT_802ACT_RFPHASE_IRQHandler
                0x080063b4                DMA2_Channel2_IRQHandler
                0x080063b4                DMA1_Channel4_IRQHandler
                0x080063b4                ADC1_IRQHandler
                0x080063b4                PKA_IRQHandler
                0x080063b4                DMA1_Channel7_IRQHandler
                0x080063b4                LCD_IRQHandler
                0x080063b4                IPCC_C1_TX_IRQHandler
                0x080063b4                DMA2_Channel1_IRQHandler
                0x080063b4                QUADSPI_IRQHandler
                0x080063b4                I2C1_EV_IRQHandler
                0x080063b4                DMAMUX1_OVR_IRQHandler
                0x080063b4                DMA1_Channel6_IRQHandler
                0x080063b4                DMA2_Channel4_IRQHandler
                0x080063b4                RCC_IRQHandler
                0x080063b4                DMA1_Channel1_IRQHandler
                0x080063b4                Default_Handler
                0x080063b4                DMA2_Channel7_IRQHandler
                0x080063b4                EXTI15_10_IRQHandler
                0x080063b4                IPCC_C1_RX_IRQHandler
                0x080063b4                C2SEV_PWR_C2H_IRQHandler
                0x080063b4                AES2_IRQHandler
                0x080063b4                I2C3_EV_IRQHandler
                0x080063b4                EXTI9_5_IRQHandler
                0x080063b4                RTC_WKUP_IRQHandler
                0x080063b4                PVD_PVM_IRQHandler
                0x080063b4                SPI2_IRQHandler
                0x080063b4                DMA2_Channel5_IRQHandler
                0x080063b4                CRS_IRQHandler
                0x080063b4                DMA1_Channel5_IRQHandler
                0x080063b4                USB_LP_IRQHandler
                0x080063b4                RNG_IRQHandler
                0x080063b4                TIM1_TRG_COM_TIM17_IRQHandler
                0x080063b4                TAMP_STAMP_LSECSS_IRQHandler
                0x080063b4                DMA1_Channel3_IRQHandler
                0x080063b4                COMP_IRQHandler
                0x080063b4                HSEM_IRQHandler
                0x080063b4                WWDG_IRQHandler
                0x080063b4                LPUART1_IRQHandler
                0x080063b4                DMA2_Channel6_IRQHandler
                0x080063b4                TIM1_BRK_IRQHandler
                0x080063b4                DMA1_Channel2_IRQHandler
                0x080063b4                FLASH_IRQHandler
                0x080063b4                USART1_IRQHandler
                0x080063b4                I2C1_ER_IRQHandler
                0x080063b4                LPTIM1_IRQHandler
                0x080063b4                SAI1_IRQHandler
                0x080063b4                DMA2_Channel3_IRQHandler
 .text.LL_AHB2_GRP1_EnableClock
                0x080063b6       0x32 ./Drivers/BSP/P-NUCLEO-WB55.Nucleo/stm32wbxx_nucleo.o
 .text.LL_APB2_GRP1_EnableClock
                0x080063e8       0x32 ./Drivers/BSP/P-NUCLEO-WB55.Nucleo/stm32wbxx_nucleo.o
 *fill*         0x0800641a        0x2 
 .text.BSP_LED_Init
                0x0800641c       0x74 ./Drivers/BSP/P-NUCLEO-WB55.Nucleo/stm32wbxx_nucleo.o
                0x0800641c                BSP_LED_Init
 .text.BSP_PB_Init
                0x08006490       0xe0 ./Drivers/BSP/P-NUCLEO-WB55.Nucleo/stm32wbxx_nucleo.o
                0x08006490                BSP_PB_Init
 .text.BSP_COM_Init
                0x08006570       0x60 ./Drivers/BSP/P-NUCLEO-WB55.Nucleo/stm32wbxx_nucleo.o
                0x08006570                BSP_COM_Init
 .text.MX_LPUART1_Init
                0x080065d0       0x64 ./Drivers/BSP/P-NUCLEO-WB55.Nucleo/stm32wbxx_nucleo.o
                0x080065d0                MX_LPUART1_Init
 .text.__io_putchar
                0x08006634       0x38 ./Drivers/BSP/P-NUCLEO-WB55.Nucleo/stm32wbxx_nucleo.o
                0x08006634                __io_putchar
 .text.COM1_MspInit
                0x0800666c       0x60 ./Drivers/BSP/P-NUCLEO-WB55.Nucleo/stm32wbxx_nucleo.o
 .text.HAL_Init
                0x080066cc       0x40 ./Drivers/STM32WBxx_HAL_Driver/Src/stm32wbxx_hal.o
                0x080066cc                HAL_Init
 .text.HAL_InitTick
                0x0800670c       0x74 ./Drivers/STM32WBxx_HAL_Driver/Src/stm32wbxx_hal.o
                0x0800670c                HAL_InitTick
 .text.HAL_IncTick
                0x08006780       0x28 ./Drivers/STM32WBxx_HAL_Driver/Src/stm32wbxx_hal.o
                0x08006780                HAL_IncTick
 .text.HAL_GetTick
                0x080067a8       0x18 ./Drivers/STM32WBxx_HAL_Driver/Src/stm32wbxx_hal.o
                0x080067a8                HAL_GetTick
 .text.HAL_GetTickPrio
                0x080067c0       0x18 ./Drivers/STM32WBxx_HAL_Driver/Src/stm32wbxx_hal.o
                0x080067c0                HAL_GetTickPrio
 .text.HAL_Delay
                0x080067d8       0x48 ./Drivers/STM32WBxx_HAL_Driver/Src/stm32wbxx_hal.o
                0x080067d8                HAL_Delay
 .text.__NVIC_SetPriorityGrouping
                0x08006820       0x48 ./Drivers/STM32WBxx_HAL_Driver/Src/stm32wbxx_hal_cortex.o
 .text.__NVIC_GetPriorityGrouping
                0x08006868       0x1c ./Drivers/STM32WBxx_HAL_Driver/Src/stm32wbxx_hal_cortex.o
 .text.__NVIC_EnableIRQ
                0x08006884       0x3c ./Drivers/STM32WBxx_HAL_Driver/Src/stm32wbxx_hal_cortex.o
 .text.__NVIC_SetPriority
                0x080068c0       0x54 ./Drivers/STM32WBxx_HAL_Driver/Src/stm32wbxx_hal_cortex.o
 .text.NVIC_EncodePriority
                0x08006914       0x66 ./Drivers/STM32WBxx_HAL_Driver/Src/stm32wbxx_hal_cortex.o
 *fill*         0x0800697a        0x2 
 .text.SysTick_Config
                0x0800697c       0x44 ./Drivers/STM32WBxx_HAL_Driver/Src/stm32wbxx_hal_cortex.o
 .text.HAL_NVIC_SetPriorityGrouping
                0x080069c0       0x16 ./Drivers/STM32WBxx_HAL_Driver/Src/stm32wbxx_hal_cortex.o
                0x080069c0                HAL_NVIC_SetPriorityGrouping
 .text.HAL_NVIC_SetPriority
                0x080069d6       0x34 ./Drivers/STM32WBxx_HAL_Driver/Src/stm32wbxx_hal_cortex.o
                0x080069d6                HAL_NVIC_SetPriority
 .text.HAL_NVIC_EnableIRQ
                0x08006a0a       0x1c ./Drivers/STM32WBxx_HAL_Driver/Src/stm32wbxx_hal_cortex.o
                0x08006a0a                HAL_NVIC_EnableIRQ
 .text.HAL_SYSTICK_Config
                0x08006a26       0x18 ./Drivers/STM32WBxx_HAL_Driver/Src/stm32wbxx_hal_cortex.o
                0x08006a26                HAL_SYSTICK_Config
 .text.HAL_DMA_Abort_IT
                0x08006a3e       0xbe ./Drivers/STM32WBxx_HAL_Driver/Src/stm32wbxx_hal_dma.o
                0x08006a3e                HAL_DMA_Abort_IT
 .text.HAL_GPIO_Init
                0x08006afc      0x2e0 ./Drivers/STM32WBxx_HAL_Driver/Src/stm32wbxx_hal_gpio.o
                0x08006afc                HAL_GPIO_Init
 .text.HAL_GPIO_WritePin
                0x08006ddc       0x30 ./Drivers/STM32WBxx_HAL_Driver/Src/stm32wbxx_hal_gpio.o
                0x08006ddc                HAL_GPIO_WritePin
 .text.HAL_GPIO_EXTI_IRQHandler
                0x08006e0c       0x30 ./Drivers/STM32WBxx_HAL_Driver/Src/stm32wbxx_hal_gpio.o
                0x08006e0c                HAL_GPIO_EXTI_IRQHandler
 .text.HAL_GPIO_EXTI_Callback
                0x08006e3c       0x16 ./Drivers/STM32WBxx_HAL_Driver/Src/stm32wbxx_hal_gpio.o
                0x08006e3c                HAL_GPIO_EXTI_Callback
 .text.HAL_I2C_Init
                0x08006e52      0x136 ./Drivers/STM32WBxx_HAL_Driver/Src/stm32wbxx_hal_i2c.o
                0x08006e52                HAL_I2C_Init
 .text.HAL_I2C_Mem_Write
                0x08006f88      0x228 ./Drivers/STM32WBxx_HAL_Driver/Src/stm32wbxx_hal_i2c.o
                0x08006f88                HAL_I2C_Mem_Write
 .text.HAL_I2C_Mem_Read
                0x080071b0      0x234 ./Drivers/STM32WBxx_HAL_Driver/Src/stm32wbxx_hal_i2c.o
                0x080071b0                HAL_I2C_Mem_Read
 .text.I2C_RequestMemoryWrite
                0x080073e4       0xa8 ./Drivers/STM32WBxx_HAL_Driver/Src/stm32wbxx_hal_i2c.o
 .text.I2C_RequestMemoryRead
                0x0800748c       0xa8 ./Drivers/STM32WBxx_HAL_Driver/Src/stm32wbxx_hal_i2c.o
 .text.I2C_Flush_TXDR
                0x08007534       0x48 ./Drivers/STM32WBxx_HAL_Driver/Src/stm32wbxx_hal_i2c.o
 .text.I2C_WaitOnFlagUntilTimeout
                0x0800757c       0xb2 ./Drivers/STM32WBxx_HAL_Driver/Src/stm32wbxx_hal_i2c.o
 .text.I2C_WaitOnTXISFlagUntilTimeout
                0x0800762e       0x8e ./Drivers/STM32WBxx_HAL_Driver/Src/stm32wbxx_hal_i2c.o
 .text.I2C_WaitOnSTOPFlagUntilTimeout
                0x080076bc       0x86 ./Drivers/STM32WBxx_HAL_Driver/Src/stm32wbxx_hal_i2c.o
 *fill*         0x08007742        0x2 
 .text.I2C_IsErrorOccurred
                0x08007744      0x1c0 ./Drivers/STM32WBxx_HAL_Driver/Src/stm32wbxx_hal_i2c.o
 .text.I2C_TransferConfig
                0x08007904       0x64 ./Drivers/STM32WBxx_HAL_Driver/Src/stm32wbxx_hal_i2c.o
 .text.HAL_I2CEx_ConfigAnalogFilter
                0x08007968       0x96 ./Drivers/STM32WBxx_HAL_Driver/Src/stm32wbxx_hal_i2c_ex.o
                0x08007968                HAL_I2CEx_ConfigAnalogFilter
 .text.HAL_I2CEx_ConfigDigitalFilter
                0x080079fe       0x98 ./Drivers/STM32WBxx_HAL_Driver/Src/stm32wbxx_hal_i2c_ex.o
                0x080079fe                HAL_I2CEx_ConfigDigitalFilter
 *fill*         0x08007a96        0x2 
 .text.HAL_PWR_EnableBkUpAccess
                0x08007a98       0x20 ./Drivers/STM32WBxx_HAL_Driver/Src/stm32wbxx_hal_pwr.o
                0x08007a98                HAL_PWR_EnableBkUpAccess
 .text.HAL_PWREx_GetVoltageRange
                0x08007ab8       0x1c ./Drivers/STM32WBxx_HAL_Driver/Src/stm32wbxx_hal_pwr_ex.o
                0x08007ab8                HAL_PWREx_GetVoltageRange
 .text.LL_RCC_HSE_IsEnabledDiv2
                0x08007ad4       0x24 ./Drivers/STM32WBxx_HAL_Driver/Src/stm32wbxx_hal_rcc.o
 .text.LL_RCC_HSE_Enable
                0x08007af8       0x1e ./Drivers/STM32WBxx_HAL_Driver/Src/stm32wbxx_hal_rcc.o
 .text.LL_RCC_HSE_Disable
                0x08007b16       0x1e ./Drivers/STM32WBxx_HAL_Driver/Src/stm32wbxx_hal_rcc.o
 .text.LL_RCC_HSE_IsReady
                0x08007b34       0x24 ./Drivers/STM32WBxx_HAL_Driver/Src/stm32wbxx_hal_rcc.o
 .text.LL_RCC_HSI_Enable
                0x08007b58       0x1e ./Drivers/STM32WBxx_HAL_Driver/Src/stm32wbxx_hal_rcc.o
 .text.LL_RCC_HSI_Disable
                0x08007b76       0x1e ./Drivers/STM32WBxx_HAL_Driver/Src/stm32wbxx_hal_rcc.o
 .text.LL_RCC_HSI_IsReady
                0x08007b94       0x24 ./Drivers/STM32WBxx_HAL_Driver/Src/stm32wbxx_hal_rcc.o
 .text.LL_RCC_HSI_SetCalibTrimming
                0x08007bb8       0x2a ./Drivers/STM32WBxx_HAL_Driver/Src/stm32wbxx_hal_rcc.o
 .text.LL_RCC_HSI48_Enable
                0x08007be2       0x22 ./Drivers/STM32WBxx_HAL_Driver/Src/stm32wbxx_hal_rcc.o
 .text.LL_RCC_HSI48_Disable
                0x08007c04       0x22 ./Drivers/STM32WBxx_HAL_Driver/Src/stm32wbxx_hal_rcc.o
 .text.LL_RCC_HSI48_IsReady
                0x08007c26       0x24 ./Drivers/STM32WBxx_HAL_Driver/Src/stm32wbxx_hal_rcc.o
 .text.LL_RCC_LSE_Enable
                0x08007c4a       0x22 ./Drivers/STM32WBxx_HAL_Driver/Src/stm32wbxx_hal_rcc.o
 .text.LL_RCC_LSE_Disable
                0x08007c6c       0x22 ./Drivers/STM32WBxx_HAL_Driver/Src/stm32wbxx_hal_rcc.o
 .text.LL_RCC_LSE_EnableBypass
                0x08007c8e       0x22 ./Drivers/STM32WBxx_HAL_Driver/Src/stm32wbxx_hal_rcc.o
 .text.LL_RCC_LSE_DisableBypass
                0x08007cb0       0x22 ./Drivers/STM32WBxx_HAL_Driver/Src/stm32wbxx_hal_rcc.o
 .text.LL_RCC_LSE_IsReady
                0x08007cd2       0x24 ./Drivers/STM32WBxx_HAL_Driver/Src/stm32wbxx_hal_rcc.o
 .text.LL_RCC_LSI1_Enable
                0x08007cf6       0x22 ./Drivers/STM32WBxx_HAL_Driver/Src/stm32wbxx_hal_rcc.o
 .text.LL_RCC_LSI1_Disable
                0x08007d18       0x22 ./Drivers/STM32WBxx_HAL_Driver/Src/stm32wbxx_hal_rcc.o
 .text.LL_RCC_LSI1_IsReady
                0x08007d3a       0x24 ./Drivers/STM32WBxx_HAL_Driver/Src/stm32wbxx_hal_rcc.o
 .text.LL_RCC_LSI2_Enable
                0x08007d5e       0x22 ./Drivers/STM32WBxx_HAL_Driver/Src/stm32wbxx_hal_rcc.o
 .text.LL_RCC_LSI2_Disable
                0x08007d80       0x22 ./Drivers/STM32WBxx_HAL_Driver/Src/stm32wbxx_hal_rcc.o
 .text.LL_RCC_LSI2_IsReady
                0x08007da2       0x24 ./Drivers/STM32WBxx_HAL_Driver/Src/stm32wbxx_hal_rcc.o
 .text.LL_RCC_LSI2_SetTrimming
                0x08007dc6       0x2e ./Drivers/STM32WBxx_HAL_Driver/Src/stm32wbxx_hal_rcc.o
 .text.LL_RCC_MSI_Enable
                0x08007df4       0x1e ./Drivers/STM32WBxx_HAL_Driver/Src/stm32wbxx_hal_rcc.o
 .text.LL_RCC_MSI_Disable
                0x08007e12       0x1e ./Drivers/STM32WBxx_HAL_Driver/Src/stm32wbxx_hal_rcc.o
 .text.LL_RCC_MSI_IsReady
                0x08007e30       0x22 ./Drivers/STM32WBxx_HAL_Driver/Src/stm32wbxx_hal_rcc.o
 .text.LL_RCC_MSI_SetRange
                0x08007e52       0x28 ./Drivers/STM32WBxx_HAL_Driver/Src/stm32wbxx_hal_rcc.o
 .text.LL_RCC_MSI_GetRange
                0x08007e7a       0x2a ./Drivers/STM32WBxx_HAL_Driver/Src/stm32wbxx_hal_rcc.o
 .text.LL_RCC_MSI_SetCalibTrimming
                0x08007ea4       0x2a ./Drivers/STM32WBxx_HAL_Driver/Src/stm32wbxx_hal_rcc.o
 .text.LL_RCC_SetSysClkSource
                0x08007ece       0x28 ./Drivers/STM32WBxx_HAL_Driver/Src/stm32wbxx_hal_rcc.o
 .text.LL_RCC_GetSysClkSource
                0x08007ef6       0x18 ./Drivers/STM32WBxx_HAL_Driver/Src/stm32wbxx_hal_rcc.o
 .text.LL_RCC_SetAHBPrescaler
                0x08007f0e       0x28 ./Drivers/STM32WBxx_HAL_Driver/Src/stm32wbxx_hal_rcc.o
 .text.LL_C2_RCC_SetAHBPrescaler
                0x08007f36       0x2c ./Drivers/STM32WBxx_HAL_Driver/Src/stm32wbxx_hal_rcc.o
 .text.LL_RCC_SetAHB4Prescaler
                0x08007f62       0x2e ./Drivers/STM32WBxx_HAL_Driver/Src/stm32wbxx_hal_rcc.o
 .text.LL_RCC_SetAPB1Prescaler
                0x08007f90       0x28 ./Drivers/STM32WBxx_HAL_Driver/Src/stm32wbxx_hal_rcc.o
 .text.LL_RCC_SetAPB2Prescaler
                0x08007fb8       0x28 ./Drivers/STM32WBxx_HAL_Driver/Src/stm32wbxx_hal_rcc.o
 .text.LL_RCC_GetAHBPrescaler
                0x08007fe0       0x18 ./Drivers/STM32WBxx_HAL_Driver/Src/stm32wbxx_hal_rcc.o
 .text.LL_RCC_GetAHB4Prescaler
                0x08007ff8       0x1c ./Drivers/STM32WBxx_HAL_Driver/Src/stm32wbxx_hal_rcc.o
 .text.LL_RCC_GetAPB1Prescaler
                0x08008014       0x18 ./Drivers/STM32WBxx_HAL_Driver/Src/stm32wbxx_hal_rcc.o
 .text.LL_RCC_GetAPB2Prescaler
                0x0800802c       0x18 ./Drivers/STM32WBxx_HAL_Driver/Src/stm32wbxx_hal_rcc.o
 .text.LL_RCC_PLL_Enable
                0x08008044       0x1e ./Drivers/STM32WBxx_HAL_Driver/Src/stm32wbxx_hal_rcc.o
 .text.LL_RCC_PLL_Disable
                0x08008062       0x1e ./Drivers/STM32WBxx_HAL_Driver/Src/stm32wbxx_hal_rcc.o
 .text.LL_RCC_PLL_IsReady
                0x08008080       0x24 ./Drivers/STM32WBxx_HAL_Driver/Src/stm32wbxx_hal_rcc.o
 .text.LL_RCC_PLL_GetN
                0x080080a4       0x1a ./Drivers/STM32WBxx_HAL_Driver/Src/stm32wbxx_hal_rcc.o
 .text.LL_RCC_PLL_GetR
                0x080080be       0x18 ./Drivers/STM32WBxx_HAL_Driver/Src/stm32wbxx_hal_rcc.o
 .text.LL_RCC_PLL_GetDivider
                0x080080d6       0x18 ./Drivers/STM32WBxx_HAL_Driver/Src/stm32wbxx_hal_rcc.o
 .text.LL_RCC_PLL_GetMainSource
                0x080080ee       0x18 ./Drivers/STM32WBxx_HAL_Driver/Src/stm32wbxx_hal_rcc.o
 .text.LL_RCC_IsActiveFlag_HPRE
                0x08008106       0x24 ./Drivers/STM32WBxx_HAL_Driver/Src/stm32wbxx_hal_rcc.o
 .text.LL_RCC_IsActiveFlag_C2HPRE
                0x0800812a       0x26 ./Drivers/STM32WBxx_HAL_Driver/Src/stm32wbxx_hal_rcc.o
 .text.LL_RCC_IsActiveFlag_SHDHPRE
                0x08008150       0x26 ./Drivers/STM32WBxx_HAL_Driver/Src/stm32wbxx_hal_rcc.o
 .text.LL_RCC_IsActiveFlag_PPRE1
                0x08008176       0x24 ./Drivers/STM32WBxx_HAL_Driver/Src/stm32wbxx_hal_rcc.o
 .text.LL_RCC_IsActiveFlag_PPRE2
                0x0800819a       0x24 ./Drivers/STM32WBxx_HAL_Driver/Src/stm32wbxx_hal_rcc.o
 *fill*         0x080081be        0x2 
 .text.HAL_RCC_OscConfig
                0x080081c0      0x6e8 ./Drivers/STM32WBxx_HAL_Driver/Src/stm32wbxx_hal_rcc.o
                0x080081c0                HAL_RCC_OscConfig
 .text.HAL_RCC_ClockConfig
                0x080088a8      0x280 ./Drivers/STM32WBxx_HAL_Driver/Src/stm32wbxx_hal_rcc.o
                0x080088a8                HAL_RCC_ClockConfig
 .text.HAL_RCC_GetSysClockFreq
                0x08008b28       0xd8 ./Drivers/STM32WBxx_HAL_Driver/Src/stm32wbxx_hal_rcc.o
                0x08008b28                HAL_RCC_GetSysClockFreq
 .text.HAL_RCC_GetHCLKFreq
                0x08008c00       0x28 ./Drivers/STM32WBxx_HAL_Driver/Src/stm32wbxx_hal_rcc.o
                0x08008c00                HAL_RCC_GetHCLKFreq
 .text.HAL_RCC_GetPCLK1Freq
                0x08008c28       0x2c ./Drivers/STM32WBxx_HAL_Driver/Src/stm32wbxx_hal_rcc.o
                0x08008c28                HAL_RCC_GetPCLK1Freq
 .text.HAL_RCC_GetPCLK2Freq
                0x08008c54       0x2c ./Drivers/STM32WBxx_HAL_Driver/Src/stm32wbxx_hal_rcc.o
                0x08008c54                HAL_RCC_GetPCLK2Freq
 .text.RCC_SetFlashLatencyFromMSIRange
                0x08008c80       0x70 ./Drivers/STM32WBxx_HAL_Driver/Src/stm32wbxx_hal_rcc.o
 .text.RCC_SetFlashLatency
                0x08008cf0       0xf8 ./Drivers/STM32WBxx_HAL_Driver/Src/stm32wbxx_hal_rcc.o
 .text.LL_RCC_LSE_IsEnabled
                0x08008de8       0x24 ./Drivers/STM32WBxx_HAL_Driver/Src/stm32wbxx_hal_rcc_ex.o
 .text.LL_RCC_LSE_IsReady
                0x08008e0c       0x24 ./Drivers/STM32WBxx_HAL_Driver/Src/stm32wbxx_hal_rcc_ex.o
 .text.LL_RCC_SetRFWKPClockSource
                0x08008e30       0x2c ./Drivers/STM32WBxx_HAL_Driver/Src/stm32wbxx_hal_rcc_ex.o
 .text.LL_RCC_SetSMPSClockSource
                0x08008e5c       0x28 ./Drivers/STM32WBxx_HAL_Driver/Src/stm32wbxx_hal_rcc_ex.o
 .text.LL_RCC_SetSMPSPrescaler
                0x08008e84       0x28 ./Drivers/STM32WBxx_HAL_Driver/Src/stm32wbxx_hal_rcc_ex.o
 .text.LL_RCC_SetUSARTClockSource
                0x08008eac       0x2c ./Drivers/STM32WBxx_HAL_Driver/Src/stm32wbxx_hal_rcc_ex.o
 .text.LL_RCC_SetLPUARTClockSource
                0x08008ed8       0x2c ./Drivers/STM32WBxx_HAL_Driver/Src/stm32wbxx_hal_rcc_ex.o
 .text.LL_RCC_SetI2CClockSource
                0x08008f04       0x3a ./Drivers/STM32WBxx_HAL_Driver/Src/stm32wbxx_hal_rcc_ex.o
 .text.LL_RCC_SetLPTIMClockSource
                0x08008f3e       0x34 ./Drivers/STM32WBxx_HAL_Driver/Src/stm32wbxx_hal_rcc_ex.o
 .text.LL_RCC_SetSAIClockSource
                0x08008f72       0x2c ./Drivers/STM32WBxx_HAL_Driver/Src/stm32wbxx_hal_rcc_ex.o
 .text.LL_RCC_SetRNGClockSource
                0x08008f9e       0x2c ./Drivers/STM32WBxx_HAL_Driver/Src/stm32wbxx_hal_rcc_ex.o
 .text.LL_RCC_SetCLK48ClockSource
                0x08008fca       0x2c ./Drivers/STM32WBxx_HAL_Driver/Src/stm32wbxx_hal_rcc_ex.o
 .text.LL_RCC_SetUSBClockSource
                0x08008ff6       0x16 ./Drivers/STM32WBxx_HAL_Driver/Src/stm32wbxx_hal_rcc_ex.o
 .text.LL_RCC_SetADCClockSource
                0x0800900c       0x2c ./Drivers/STM32WBxx_HAL_Driver/Src/stm32wbxx_hal_rcc_ex.o
 .text.LL_RCC_SetRTCClockSource
                0x08009038       0x2c ./Drivers/STM32WBxx_HAL_Driver/Src/stm32wbxx_hal_rcc_ex.o
 .text.LL_RCC_GetRTCClockSource
                0x08009064       0x1a ./Drivers/STM32WBxx_HAL_Driver/Src/stm32wbxx_hal_rcc_ex.o
 .text.LL_RCC_ForceBackupDomainReset
                0x0800907e       0x22 ./Drivers/STM32WBxx_HAL_Driver/Src/stm32wbxx_hal_rcc_ex.o
 .text.LL_RCC_ReleaseBackupDomainReset
                0x080090a0       0x22 ./Drivers/STM32WBxx_HAL_Driver/Src/stm32wbxx_hal_rcc_ex.o
 .text.LL_RCC_PLLSAI1_Enable
                0x080090c2       0x1e ./Drivers/STM32WBxx_HAL_Driver/Src/stm32wbxx_hal_rcc_ex.o
 .text.LL_RCC_PLLSAI1_Disable
                0x080090e0       0x1e ./Drivers/STM32WBxx_HAL_Driver/Src/stm32wbxx_hal_rcc_ex.o
 .text.LL_RCC_PLLSAI1_IsReady
                0x080090fe       0x24 ./Drivers/STM32WBxx_HAL_Driver/Src/stm32wbxx_hal_rcc_ex.o
 .text.HAL_RCCEx_PeriphCLKConfig
                0x08009122      0x2ec ./Drivers/STM32WBxx_HAL_Driver/Src/stm32wbxx_hal_rcc_ex.o
                0x08009122                HAL_RCCEx_PeriphCLKConfig
 .text.RCCEx_PLLSAI1_ConfigNP
                0x0800940e       0xb6 ./Drivers/STM32WBxx_HAL_Driver/Src/stm32wbxx_hal_rcc_ex.o
 .text.RCCEx_PLLSAI1_ConfigNQ
                0x080094c4       0xb6 ./Drivers/STM32WBxx_HAL_Driver/Src/stm32wbxx_hal_rcc_ex.o
 .text.RCCEx_PLLSAI1_ConfigNR
                0x0800957a       0xb6 ./Drivers/STM32WBxx_HAL_Driver/Src/stm32wbxx_hal_rcc_ex.o
 .text.HAL_SPI_Init
                0x08009630      0x146 ./Drivers/STM32WBxx_HAL_Driver/Src/stm32wbxx_hal_spi.o
                0x08009630                HAL_SPI_Init
 .text.HAL_SPI_Transmit
                0x08009776      0x2ea ./Drivers/STM32WBxx_HAL_Driver/Src/stm32wbxx_hal_spi.o
                0x08009776                HAL_SPI_Transmit
 .text.HAL_SPI_IRQHandler
                0x08009a60      0x1e8 ./Drivers/STM32WBxx_HAL_Driver/Src/stm32wbxx_hal_spi.o
                0x08009a60                HAL_SPI_IRQHandler
 .text.HAL_SPI_ErrorCallback
                0x08009c48       0x14 ./Drivers/STM32WBxx_HAL_Driver/Src/stm32wbxx_hal_spi.o
                0x08009c48                HAL_SPI_ErrorCallback
 .text.SPI_DMAAbortOnError
                0x08009c5c       0x2a ./Drivers/STM32WBxx_HAL_Driver/Src/stm32wbxx_hal_spi.o
 *fill*         0x08009c86        0x2 
 .text.SPI_WaitFlagStateUntilTimeout
                0x08009c88      0x110 ./Drivers/STM32WBxx_HAL_Driver/Src/stm32wbxx_hal_spi.o
 .text.SPI_WaitFifoStateUntilTimeout
                0x08009d98      0x12c ./Drivers/STM32WBxx_HAL_Driver/Src/stm32wbxx_hal_spi.o
 .text.SPI_EndRxTxTransaction
                0x08009ec4       0x8c ./Drivers/STM32WBxx_HAL_Driver/Src/stm32wbxx_hal_spi.o
 .text.HAL_TIM_Encoder_Init
                0x08009f50      0x14c ./Drivers/STM32WBxx_HAL_Driver/Src/stm32wbxx_hal_tim.o
                0x08009f50                HAL_TIM_Encoder_Init
 .text.HAL_TIM_IRQHandler
                0x0800a09c      0x20e ./Drivers/STM32WBxx_HAL_Driver/Src/stm32wbxx_hal_tim.o
                0x0800a09c                HAL_TIM_IRQHandler
 .text.HAL_TIM_PeriodElapsedCallback
                0x0800a2aa       0x14 ./Drivers/STM32WBxx_HAL_Driver/Src/stm32wbxx_hal_tim.o
                0x0800a2aa                HAL_TIM_PeriodElapsedCallback
 .text.HAL_TIM_OC_DelayElapsedCallback
                0x0800a2be       0x14 ./Drivers/STM32WBxx_HAL_Driver/Src/stm32wbxx_hal_tim.o
                0x0800a2be                HAL_TIM_OC_DelayElapsedCallback
 .text.HAL_TIM_IC_CaptureCallback
                0x0800a2d2       0x14 ./Drivers/STM32WBxx_HAL_Driver/Src/stm32wbxx_hal_tim.o
                0x0800a2d2                HAL_TIM_IC_CaptureCallback
 .text.HAL_TIM_PWM_PulseFinishedCallback
                0x0800a2e6       0x14 ./Drivers/STM32WBxx_HAL_Driver/Src/stm32wbxx_hal_tim.o
                0x0800a2e6                HAL_TIM_PWM_PulseFinishedCallback
 .text.HAL_TIM_TriggerCallback
                0x0800a2fa       0x14 ./Drivers/STM32WBxx_HAL_Driver/Src/stm32wbxx_hal_tim.o
                0x0800a2fa                HAL_TIM_TriggerCallback
 *fill*         0x0800a30e        0x2 
 .text.TIM_Base_SetConfig
                0x0800a310       0xe0 ./Drivers/STM32WBxx_HAL_Driver/Src/stm32wbxx_hal_tim.o
                0x0800a310                TIM_Base_SetConfig
 .text.HAL_TIMEx_MasterConfigSynchronization
                0x0800a3f0       0xc0 ./Drivers/STM32WBxx_HAL_Driver/Src/stm32wbxx_hal_tim_ex.o
                0x0800a3f0                HAL_TIMEx_MasterConfigSynchronization
 .text.HAL_TIMEx_CommutCallback
                0x0800a4b0       0x14 ./Drivers/STM32WBxx_HAL_Driver/Src/stm32wbxx_hal_tim_ex.o
                0x0800a4b0                HAL_TIMEx_CommutCallback
 .text.HAL_TIMEx_BreakCallback
                0x0800a4c4       0x14 ./Drivers/STM32WBxx_HAL_Driver/Src/stm32wbxx_hal_tim_ex.o
                0x0800a4c4                HAL_TIMEx_BreakCallback
 .text.HAL_TIMEx_Break2Callback
                0x0800a4d8       0x14 ./Drivers/STM32WBxx_HAL_Driver/Src/stm32wbxx_hal_tim_ex.o
                0x0800a4d8                HAL_TIMEx_Break2Callback
 .text.LL_RCC_GetUSARTClockSource
                0x0800a4ec       0x20 ./Drivers/STM32WBxx_HAL_Driver/Src/stm32wbxx_hal_uart.o
 .text.LL_RCC_GetLPUARTClockSource
                0x0800a50c       0x20 ./Drivers/STM32WBxx_HAL_Driver/Src/stm32wbxx_hal_uart.o
 .text.HAL_UART_Init
                0x0800a52c       0xa0 ./Drivers/STM32WBxx_HAL_Driver/Src/stm32wbxx_hal_uart.o
                0x0800a52c                HAL_UART_Init
 .text.HAL_UART_MspInit
                0x0800a5cc       0x14 ./Drivers/STM32WBxx_HAL_Driver/Src/stm32wbxx_hal_uart.o
                0x0800a5cc                HAL_UART_MspInit
 .text.HAL_UART_Transmit
                0x0800a5e0      0x11c ./Drivers/STM32WBxx_HAL_Driver/Src/stm32wbxx_hal_uart.o
                0x0800a5e0                HAL_UART_Transmit
 .text.UART_SetConfig
                0x0800a6fc      0x450 ./Drivers/STM32WBxx_HAL_Driver/Src/stm32wbxx_hal_uart.o
                0x0800a6fc                UART_SetConfig
 .text.UART_AdvFeatureConfig
                0x0800ab4c      0x144 ./Drivers/STM32WBxx_HAL_Driver/Src/stm32wbxx_hal_uart.o
                0x0800ab4c                UART_AdvFeatureConfig
 .text.UART_CheckIdleState
                0x0800ac90      0x154 ./Drivers/STM32WBxx_HAL_Driver/Src/stm32wbxx_hal_uart.o
                0x0800ac90                UART_CheckIdleState
 .text.UART_WaitOnFlagUntilTimeout
                0x0800ade4       0xda ./Drivers/STM32WBxx_HAL_Driver/Src/stm32wbxx_hal_uart.o
                0x0800ade4                UART_WaitOnFlagUntilTimeout
 .text.UART_EndRxTransfer
                0x0800aebe       0xcc ./Drivers/STM32WBxx_HAL_Driver/Src/stm32wbxx_hal_uart.o
 *fill*         0x0800af8a        0x2 
 .text.std      0x0800af8c       0x6c C:/Program Files/STM32CubeIDE_1.16.1/STM32CubeIDE/plugins/com.st.stm32cube.ide.mcu.externaltools.gnu-tools-for-stm32.12.3.rel1.win32_1.0.200.202406191623/tools/bin/../lib/gcc/arm-none-eabi/12.3.1/../../../../arm-none-eabi/lib/thumb/v7e-m+fp/hard\libc_nano.a(libc_a-findfp.o)
 .text.stdio_exit_handler
                0x0800aff8       0x18 C:/Program Files/STM32CubeIDE_1.16.1/STM32CubeIDE/plugins/com.st.stm32cube.ide.mcu.externaltools.gnu-tools-for-stm32.12.3.rel1.win32_1.0.200.202406191623/tools/bin/../lib/gcc/arm-none-eabi/12.3.1/../../../../arm-none-eabi/lib/thumb/v7e-m+fp/hard\libc_nano.a(libc_a-findfp.o)
 .text.cleanup_stdio
                0x0800b010       0x40 C:/Program Files/STM32CubeIDE_1.16.1/STM32CubeIDE/plugins/com.st.stm32cube.ide.mcu.externaltools.gnu-tools-for-stm32.12.3.rel1.win32_1.0.200.202406191623/tools/bin/../lib/gcc/arm-none-eabi/12.3.1/../../../../arm-none-eabi/lib/thumb/v7e-m+fp/hard\libc_nano.a(libc_a-findfp.o)
 .text.global_stdio_init.part.0
                0x0800b050       0x3c C:/Program Files/STM32CubeIDE_1.16.1/STM32CubeIDE/plugins/com.st.stm32cube.ide.mcu.externaltools.gnu-tools-for-stm32.12.3.rel1.win32_1.0.200.202406191623/tools/bin/../lib/gcc/arm-none-eabi/12.3.1/../../../../arm-none-eabi/lib/thumb/v7e-m+fp/hard\libc_nano.a(libc_a-findfp.o)
 .text.__sfp_lock_acquire
                0x0800b08c        0xc C:/Program Files/STM32CubeIDE_1.16.1/STM32CubeIDE/plugins/com.st.stm32cube.ide.mcu.externaltools.gnu-tools-for-stm32.12.3.rel1.win32_1.0.200.202406191623/tools/bin/../lib/gcc/arm-none-eabi/12.3.1/../../../../arm-none-eabi/lib/thumb/v7e-m+fp/hard\libc_nano.a(libc_a-findfp.o)
                0x0800b08c                __sfp_lock_acquire
 .text.__sfp_lock_release
                0x0800b098        0xc C:/Program Files/STM32CubeIDE_1.16.1/STM32CubeIDE/plugins/com.st.stm32cube.ide.mcu.externaltools.gnu-tools-for-stm32.12.3.rel1.win32_1.0.200.202406191623/tools/bin/../lib/gcc/arm-none-eabi/12.3.1/../../../../arm-none-eabi/lib/thumb/v7e-m+fp/hard\libc_nano.a(libc_a-findfp.o)
                0x0800b098                __sfp_lock_release
 .text.__sinit  0x0800b0a4       0x30 C:/Program Files/STM32CubeIDE_1.16.1/STM32CubeIDE/plugins/com.st.stm32cube.ide.mcu.externaltools.gnu-tools-for-stm32.12.3.rel1.win32_1.0.200.202406191623/tools/bin/../lib/gcc/arm-none-eabi/12.3.1/../../../../arm-none-eabi/lib/thumb/v7e-m+fp/hard\libc_nano.a(libc_a-findfp.o)
                0x0800b0a4                __sinit
 .text._fwalk_sglue
                0x0800b0d4       0x3c C:/Program Files/STM32CubeIDE_1.16.1/STM32CubeIDE/plugins/com.st.stm32cube.ide.mcu.externaltools.gnu-tools-for-stm32.12.3.rel1.win32_1.0.200.202406191623/tools/bin/../lib/gcc/arm-none-eabi/12.3.1/../../../../arm-none-eabi/lib/thumb/v7e-m+fp/hard\libc_nano.a(libc_a-fwalk.o)
                0x0800b0d4                _fwalk_sglue
 .text.printf   0x0800b110       0x24 C:/Program Files/STM32CubeIDE_1.16.1/STM32CubeIDE/plugins/com.st.stm32cube.ide.mcu.externaltools.gnu-tools-for-stm32.12.3.rel1.win32_1.0.200.202406191623/tools/bin/../lib/gcc/arm-none-eabi/12.3.1/../../../../arm-none-eabi/lib/thumb/v7e-m+fp/hard\libc_nano.a(libc_a-printf.o)
                0x0800b110                iprintf
                0x0800b110                printf
 .text._puts_r  0x0800b134       0xaa C:/Program Files/STM32CubeIDE_1.16.1/STM32CubeIDE/plugins/com.st.stm32cube.ide.mcu.externaltools.gnu-tools-for-stm32.12.3.rel1.win32_1.0.200.202406191623/tools/bin/../lib/gcc/arm-none-eabi/12.3.1/../../../../arm-none-eabi/lib/thumb/v7e-m+fp/hard\libc_nano.a(libc_a-puts.o)
                0x0800b134                _puts_r
 *fill*         0x0800b1de        0x2 
 .text.puts     0x0800b1e0       0x10 C:/Program Files/STM32CubeIDE_1.16.1/STM32CubeIDE/plugins/com.st.stm32cube.ide.mcu.externaltools.gnu-tools-for-stm32.12.3.rel1.win32_1.0.200.202406191623/tools/bin/../lib/gcc/arm-none-eabi/12.3.1/../../../../arm-none-eabi/lib/thumb/v7e-m+fp/hard\libc_nano.a(libc_a-puts.o)
                0x0800b1e0                puts
 .text.__sread  0x0800b1f0       0x22 C:/Program Files/STM32CubeIDE_1.16.1/STM32CubeIDE/plugins/com.st.stm32cube.ide.mcu.externaltools.gnu-tools-for-stm32.12.3.rel1.win32_1.0.200.202406191623/tools/bin/../lib/gcc/arm-none-eabi/12.3.1/../../../../arm-none-eabi/lib/thumb/v7e-m+fp/hard\libc_nano.a(libc_a-stdio.o)
                0x0800b1f0                __sread
 .text.__swrite
                0x0800b212       0x38 C:/Program Files/STM32CubeIDE_1.16.1/STM32CubeIDE/plugins/com.st.stm32cube.ide.mcu.externaltools.gnu-tools-for-stm32.12.3.rel1.win32_1.0.200.202406191623/tools/bin/../lib/gcc/arm-none-eabi/12.3.1/../../../../arm-none-eabi/lib/thumb/v7e-m+fp/hard\libc_nano.a(libc_a-stdio.o)
                0x0800b212                __swrite
 .text.__sseek  0x0800b24a       0x24 C:/Program Files/STM32CubeIDE_1.16.1/STM32CubeIDE/plugins/com.st.stm32cube.ide.mcu.externaltools.gnu-tools-for-stm32.12.3.rel1.win32_1.0.200.202406191623/tools/bin/../lib/gcc/arm-none-eabi/12.3.1/../../../../arm-none-eabi/lib/thumb/v7e-m+fp/hard\libc_nano.a(libc_a-stdio.o)
                0x0800b24a                __sseek
 .text.__sclose
                0x0800b26e        0x8 C:/Program Files/STM32CubeIDE_1.16.1/STM32CubeIDE/plugins/com.st.stm32cube.ide.mcu.externaltools.gnu-tools-for-stm32.12.3.rel1.win32_1.0.200.202406191623/tools/bin/../lib/gcc/arm-none-eabi/12.3.1/../../../../arm-none-eabi/lib/thumb/v7e-m+fp/hard\libc_nano.a(libc_a-stdio.o)
                0x0800b26e                __sclose
 .text.__swbuf_r
                0x0800b276       0x7c C:/Program Files/STM32CubeIDE_1.16.1/STM32CubeIDE/plugins/com.st.stm32cube.ide.mcu.externaltools.gnu-tools-for-stm32.12.3.rel1.win32_1.0.200.202406191623/tools/bin/../lib/gcc/arm-none-eabi/12.3.1/../../../../arm-none-eabi/lib/thumb/v7e-m+fp/hard\libc_nano.a(libc_a-wbuf.o)
                0x0800b276                __swbuf_r
 *fill*         0x0800b2f2        0x2 
 .text.__swsetup_r
                0x0800b2f4       0xac C:/Program Files/STM32CubeIDE_1.16.1/STM32CubeIDE/plugins/com.st.stm32cube.ide.mcu.externaltools.gnu-tools-for-stm32.12.3.rel1.win32_1.0.200.202406191623/tools/bin/../lib/gcc/arm-none-eabi/12.3.1/../../../../arm-none-eabi/lib/thumb/v7e-m+fp/hard\libc_nano.a(libc_a-wsetup.o)
                0x0800b2f4                __swsetup_r
 .text.memset   0x0800b3a0       0x10 C:/Program Files/STM32CubeIDE_1.16.1/STM32CubeIDE/plugins/com.st.stm32cube.ide.mcu.externaltools.gnu-tools-for-stm32.12.3.rel1.win32_1.0.200.202406191623/tools/bin/../lib/gcc/arm-none-eabi/12.3.1/../../../../arm-none-eabi/lib/thumb/v7e-m+fp/hard\libc_nano.a(libc_a-memset.o)
                0x0800b3a0                memset
 .text.strncpy  0x0800b3b0       0x26 C:/Program Files/STM32CubeIDE_1.16.1/STM32CubeIDE/plugins/com.st.stm32cube.ide.mcu.externaltools.gnu-tools-for-stm32.12.3.rel1.win32_1.0.200.202406191623/tools/bin/../lib/gcc/arm-none-eabi/12.3.1/../../../../arm-none-eabi/lib/thumb/v7e-m+fp/hard\libc_nano.a(libc_a-strncpy.o)
                0x0800b3b0                strncpy
 *fill*         0x0800b3d6        0x2 
 .text._close_r
                0x0800b3d8       0x20 C:/Program Files/STM32CubeIDE_1.16.1/STM32CubeIDE/plugins/com.st.stm32cube.ide.mcu.externaltools.gnu-tools-for-stm32.12.3.rel1.win32_1.0.200.202406191623/tools/bin/../lib/gcc/arm-none-eabi/12.3.1/../../../../arm-none-eabi/lib/thumb/v7e-m+fp/hard\libc_nano.a(libc_a-closer.o)
                0x0800b3d8                _close_r
 .text._lseek_r
                0x0800b3f8       0x24 C:/Program Files/STM32CubeIDE_1.16.1/STM32CubeIDE/plugins/com.st.stm32cube.ide.mcu.externaltools.gnu-tools-for-stm32.12.3.rel1.win32_1.0.200.202406191623/tools/bin/../lib/gcc/arm-none-eabi/12.3.1/../../../../arm-none-eabi/lib/thumb/v7e-m+fp/hard\libc_nano.a(libc_a-lseekr.o)
                0x0800b3f8                _lseek_r
 .text._read_r  0x0800b41c       0x24 C:/Program Files/STM32CubeIDE_1.16.1/STM32CubeIDE/plugins/com.st.stm32cube.ide.mcu.externaltools.gnu-tools-for-stm32.12.3.rel1.win32_1.0.200.202406191623/tools/bin/../lib/gcc/arm-none-eabi/12.3.1/../../../../arm-none-eabi/lib/thumb/v7e-m+fp/hard\libc_nano.a(libc_a-readr.o)
                0x0800b41c                _read_r
 .text._write_r
                0x0800b440       0x24 C:/Program Files/STM32CubeIDE_1.16.1/STM32CubeIDE/plugins/com.st.stm32cube.ide.mcu.externaltools.gnu-tools-for-stm32.12.3.rel1.win32_1.0.200.202406191623/tools/bin/../lib/gcc/arm-none-eabi/12.3.1/../../../../arm-none-eabi/lib/thumb/v7e-m+fp/hard\libc_nano.a(libc_a-writer.o)
                0x0800b440                _write_r
 .text.__errno  0x0800b464        0xc C:/Program Files/STM32CubeIDE_1.16.1/STM32CubeIDE/plugins/com.st.stm32cube.ide.mcu.externaltools.gnu-tools-for-stm32.12.3.rel1.win32_1.0.200.202406191623/tools/bin/../lib/gcc/arm-none-eabi/12.3.1/../../../../arm-none-eabi/lib/thumb/v7e-m+fp/hard\libc_nano.a(libc_a-errno.o)
                0x0800b464                __errno
 .text.__libc_init_array
                0x0800b470       0x48 C:/Program Files/STM32CubeIDE_1.16.1/STM32CubeIDE/plugins/com.st.stm32cube.ide.mcu.externaltools.gnu-tools-for-stm32.12.3.rel1.win32_1.0.200.202406191623/tools/bin/../lib/gcc/arm-none-eabi/12.3.1/../../../../arm-none-eabi/lib/thumb/v7e-m+fp/hard\libc_nano.a(libc_a-init.o)
                0x0800b470                __libc_init_array
 .text.__retarget_lock_init_recursive
                0x0800b4b8        0x2 C:/Program Files/STM32CubeIDE_1.16.1/STM32CubeIDE/plugins/com.st.stm32cube.ide.mcu.externaltools.gnu-tools-for-stm32.12.3.rel1.win32_1.0.200.202406191623/tools/bin/../lib/gcc/arm-none-eabi/12.3.1/../../../../arm-none-eabi/lib/thumb/v7e-m+fp/hard\libc_nano.a(libc_a-lock.o)
                0x0800b4b8                __retarget_lock_init_recursive
 .text.__retarget_lock_acquire_recursive
                0x0800b4ba        0x2 C:/Program Files/STM32CubeIDE_1.16.1/STM32CubeIDE/plugins/com.st.stm32cube.ide.mcu.externaltools.gnu-tools-for-stm32.12.3.rel1.win32_1.0.200.202406191623/tools/bin/../lib/gcc/arm-none-eabi/12.3.1/../../../../arm-none-eabi/lib/thumb/v7e-m+fp/hard\libc_nano.a(libc_a-lock.o)
                0x0800b4ba                __retarget_lock_acquire_recursive
 .text.__retarget_lock_release_recursive
                0x0800b4bc        0x2 C:/Program Files/STM32CubeIDE_1.16.1/STM32CubeIDE/plugins/com.st.stm32cube.ide.mcu.externaltools.gnu-tools-for-stm32.12.3.rel1.win32_1.0.200.202406191623/tools/bin/../lib/gcc/arm-none-eabi/12.3.1/../../../../arm-none-eabi/lib/thumb/v7e-m+fp/hard\libc_nano.a(libc_a-lock.o)
                0x0800b4bc                __retarget_lock_release_recursive
 .text.memcpy   0x0800b4be       0x1c C:/Program Files/STM32CubeIDE_1.16.1/STM32CubeIDE/plugins/com.st.stm32cube.ide.mcu.externaltools.gnu-tools-for-stm32.12.3.rel1.win32_1.0.200.202406191623/tools/bin/../lib/gcc/arm-none-eabi/12.3.1/../../../../arm-none-eabi/lib/thumb/v7e-m+fp/hard\libc_nano.a(libc_a-memcpy-stub.o)
                0x0800b4be                memcpy
 *fill*         0x0800b4da        0x2 
 .text._free_r  0x0800b4dc       0x94 C:/Program Files/STM32CubeIDE_1.16.1/STM32CubeIDE/plugins/com.st.stm32cube.ide.mcu.externaltools.gnu-tools-for-stm32.12.3.rel1.win32_1.0.200.202406191623/tools/bin/../lib/gcc/arm-none-eabi/12.3.1/../../../../arm-none-eabi/lib/thumb/v7e-m+fp/hard\libc_nano.a(libc_a-freer.o)
                0x0800b4dc                _free_r
 .text.sbrk_aligned
                0x0800b570       0x44 C:/Program Files/STM32CubeIDE_1.16.1/STM32CubeIDE/plugins/com.st.stm32cube.ide.mcu.externaltools.gnu-tools-for-stm32.12.3.rel1.win32_1.0.200.202406191623/tools/bin/../lib/gcc/arm-none-eabi/12.3.1/../../../../arm-none-eabi/lib/thumb/v7e-m+fp/hard\libc_nano.a(libc_a-mallocr.o)
 .text._malloc_r
                0x0800b5b4      0x100 C:/Program Files/STM32CubeIDE_1.16.1/STM32CubeIDE/plugins/com.st.stm32cube.ide.mcu.externaltools.gnu-tools-for-stm32.12.3.rel1.win32_1.0.200.202406191623/tools/bin/../lib/gcc/arm-none-eabi/12.3.1/../../../../arm-none-eabi/lib/thumb/v7e-m+fp/hard\libc_nano.a(libc_a-mallocr.o)
                0x0800b5b4                _malloc_r
 .text.__malloc_lock
                0x0800b6b4        0xc C:/Program Files/STM32CubeIDE_1.16.1/STM32CubeIDE/plugins/com.st.stm32cube.ide.mcu.externaltools.gnu-tools-for-stm32.12.3.rel1.win32_1.0.200.202406191623/tools/bin/../lib/gcc/arm-none-eabi/12.3.1/../../../../arm-none-eabi/lib/thumb/v7e-m+fp/hard\libc_nano.a(libc_a-mlock.o)
                0x0800b6b4                __malloc_lock
 .text.__malloc_unlock
                0x0800b6c0        0xc C:/Program Files/STM32CubeIDE_1.16.1/STM32CubeIDE/plugins/com.st.stm32cube.ide.mcu.externaltools.gnu-tools-for-stm32.12.3.rel1.win32_1.0.200.202406191623/tools/bin/../lib/gcc/arm-none-eabi/12.3.1/../../../../arm-none-eabi/lib/thumb/v7e-m+fp/hard\libc_nano.a(libc_a-mlock.o)
                0x0800b6c0                __malloc_unlock
 .text.__sfputc_r
                0x0800b6cc       0x2e C:/Program Files/STM32CubeIDE_1.16.1/STM32CubeIDE/plugins/com.st.stm32cube.ide.mcu.externaltools.gnu-tools-for-stm32.12.3.rel1.win32_1.0.200.202406191623/tools/bin/../lib/gcc/arm-none-eabi/12.3.1/../../../../arm-none-eabi/lib/thumb/v7e-m+fp/hard\libc_nano.a(libc_a-nano-vfprintf.o)
 .text.__sfputs_r
                0x0800b6fa       0x24 C:/Program Files/STM32CubeIDE_1.16.1/STM32CubeIDE/plugins/com.st.stm32cube.ide.mcu.externaltools.gnu-tools-for-stm32.12.3.rel1.win32_1.0.200.202406191623/tools/bin/../lib/gcc/arm-none-eabi/12.3.1/../../../../arm-none-eabi/lib/thumb/v7e-m+fp/hard\libc_nano.a(libc_a-nano-vfprintf.o)
                0x0800b6fa                __sfputs_r
 *fill*         0x0800b71e        0x2 
 .text._vfprintf_r
                0x0800b720      0x230 C:/Program Files/STM32CubeIDE_1.16.1/STM32CubeIDE/plugins/com.st.stm32cube.ide.mcu.externaltools.gnu-tools-for-stm32.12.3.rel1.win32_1.0.200.202406191623/tools/bin/../lib/gcc/arm-none-eabi/12.3.1/../../../../arm-none-eabi/lib/thumb/v7e-m+fp/hard\libc_nano.a(libc_a-nano-vfprintf.o)
                0x0800b720                _vfprintf_r
                0x0800b720                _vfiprintf_r
 .text._printf_common
                0x0800b950       0xda C:/Program Files/STM32CubeIDE_1.16.1/STM32CubeIDE/plugins/com.st.stm32cube.ide.mcu.externaltools.gnu-tools-for-stm32.12.3.rel1.win32_1.0.200.202406191623/tools/bin/../lib/gcc/arm-none-eabi/12.3.1/../../../../arm-none-eabi/lib/thumb/v7e-m+fp/hard\libc_nano.a(libc_a-nano-vfprintf_i.o)
                0x0800b950                _printf_common
 *fill*         0x0800ba2a        0x2 
 .text._printf_i
                0x0800ba2c      0x240 C:/Program Files/STM32CubeIDE_1.16.1/STM32CubeIDE/plugins/com.st.stm32cube.ide.mcu.externaltools.gnu-tools-for-stm32.12.3.rel1.win32_1.0.200.202406191623/tools/bin/../lib/gcc/arm-none-eabi/12.3.1/../../../../arm-none-eabi/lib/thumb/v7e-m+fp/hard\libc_nano.a(libc_a-nano-vfprintf_i.o)
                0x0800ba2c                _printf_i
 .text.__sflush_r
                0x0800bc6c      0x108 C:/Program Files/STM32CubeIDE_1.16.1/STM32CubeIDE/plugins/com.st.stm32cube.ide.mcu.externaltools.gnu-tools-for-stm32.12.3.rel1.win32_1.0.200.202406191623/tools/bin/../lib/gcc/arm-none-eabi/12.3.1/../../../../arm-none-eabi/lib/thumb/v7e-m+fp/hard\libc_nano.a(libc_a-fflush.o)
                0x0800bc6c                __sflush_r
 .text._fflush_r
                0x0800bd74       0x50 C:/Program Files/STM32CubeIDE_1.16.1/STM32CubeIDE/plugins/com.st.stm32cube.ide.mcu.externaltools.gnu-tools-for-stm32.12.3.rel1.win32_1.0.200.202406191623/tools/bin/../lib/gcc/arm-none-eabi/12.3.1/../../../../arm-none-eabi/lib/thumb/v7e-m+fp/hard\libc_nano.a(libc_a-fflush.o)
                0x0800bd74                _fflush_r
 .text.__swhatbuf_r
                0x0800bdc4       0x4c C:/Program Files/STM32CubeIDE_1.16.1/STM32CubeIDE/plugins/com.st.stm32cube.ide.mcu.externaltools.gnu-tools-for-stm32.12.3.rel1.win32_1.0.200.202406191623/tools/bin/../lib/gcc/arm-none-eabi/12.3.1/../../../../arm-none-eabi/lib/thumb/v7e-m+fp/hard\libc_nano.a(libc_a-makebuf.o)
                0x0800bdc4                __swhatbuf_r
 .text.__smakebuf_r
                0x0800be10       0x78 C:/Program Files/STM32CubeIDE_1.16.1/STM32CubeIDE/plugins/com.st.stm32cube.ide.mcu.externaltools.gnu-tools-for-stm32.12.3.rel1.win32_1.0.200.202406191623/tools/bin/../lib/gcc/arm-none-eabi/12.3.1/../../../../arm-none-eabi/lib/thumb/v7e-m+fp/hard\libc_nano.a(libc_a-makebuf.o)
                0x0800be10                __smakebuf_r
 .text._fstat_r
                0x0800be88       0x24 C:/Program Files/STM32CubeIDE_1.16.1/STM32CubeIDE/plugins/com.st.stm32cube.ide.mcu.externaltools.gnu-tools-for-stm32.12.3.rel1.win32_1.0.200.202406191623/tools/bin/../lib/gcc/arm-none-eabi/12.3.1/../../../../arm-none-eabi/lib/thumb/v7e-m+fp/hard\libc_nano.a(libc_a-fstatr.o)
                0x0800be88                _fstat_r
 .text._isatty_r
                0x0800beac       0x20 C:/Program Files/STM32CubeIDE_1.16.1/STM32CubeIDE/plugins/com.st.stm32cube.ide.mcu.externaltools.gnu-tools-for-stm32.12.3.rel1.win32_1.0.200.202406191623/tools/bin/../lib/gcc/arm-none-eabi/12.3.1/../../../../arm-none-eabi/lib/thumb/v7e-m+fp/hard\libc_nano.a(libc_a-isattyr.o)
                0x0800beac                _isatty_r
 .text._sbrk_r  0x0800becc       0x20 C:/Program Files/STM32CubeIDE_1.16.1/STM32CubeIDE/plugins/com.st.stm32cube.ide.mcu.externaltools.gnu-tools-for-stm32.12.3.rel1.win32_1.0.200.202406191623/tools/bin/../lib/gcc/arm-none-eabi/12.3.1/../../../../arm-none-eabi/lib/thumb/v7e-m+fp/hard\libc_nano.a(libc_a-sbrkr.o)
                0x0800becc                _sbrk_r
 *(.glue_7)
 .glue_7        0x0800beec        0x0 linker stubs
 *(.glue_7t)
 .glue_7t       0x0800beec        0x0 linker stubs
 *(.eh_frame)
 .eh_frame      0x0800beec        0x0 C:/Program Files/STM32CubeIDE_1.16.1/STM32CubeIDE/plugins/com.st.stm32cube.ide.mcu.externaltools.gnu-tools-for-stm32.12.3.rel1.win32_1.0.200.202406191623/tools/bin/../lib/gcc/arm-none-eabi/12.3.1/thumb/v7e-m+fp/hard/crtbegin.o
 *(.init)
 .init          0x0800beec        0x4 C:/Program Files/STM32CubeIDE_1.16.1/STM32CubeIDE/plugins/com.st.stm32cube.ide.mcu.externaltools.gnu-tools-for-stm32.12.3.rel1.win32_1.0.200.202406191623/tools/bin/../lib/gcc/arm-none-eabi/12.3.1/thumb/v7e-m+fp/hard/crti.o
                0x0800beec                _init
 .init          0x0800bef0        0x8 C:/Program Files/STM32CubeIDE_1.16.1/STM32CubeIDE/plugins/com.st.stm32cube.ide.mcu.externaltools.gnu-tools-for-stm32.12.3.rel1.win32_1.0.200.202406191623/tools/bin/../lib/gcc/arm-none-eabi/12.3.1/thumb/v7e-m+fp/hard/crtn.o
 *(.fini)
 .fini          0x0800bef8        0x4 C:/Program Files/STM32CubeIDE_1.16.1/STM32CubeIDE/plugins/com.st.stm32cube.ide.mcu.externaltools.gnu-tools-for-stm32.12.3.rel1.win32_1.0.200.202406191623/tools/bin/../lib/gcc/arm-none-eabi/12.3.1/thumb/v7e-m+fp/hard/crti.o
                0x0800bef8                _fini
 .fini          0x0800befc        0x8 C:/Program Files/STM32CubeIDE_1.16.1/STM32CubeIDE/plugins/com.st.stm32cube.ide.mcu.externaltools.gnu-tools-for-stm32.12.3.rel1.win32_1.0.200.202406191623/tools/bin/../lib/gcc/arm-none-eabi/12.3.1/thumb/v7e-m+fp/hard/crtn.o
                0x0800bf04                        . = ALIGN (0x4)
                0x0800bf04                        _etext = .

.vfp11_veneer   0x0800bf04        0x0
 .vfp11_veneer  0x0800bf04        0x0 linker stubs

.v4_bx          0x0800bf04        0x0
 .v4_bx         0x0800bf04        0x0 linker stubs

.iplt           0x0800bf04        0x0
 .iplt          0x0800bf04        0x0 C:/Program Files/STM32CubeIDE_1.16.1/STM32CubeIDE/plugins/com.st.stm32cube.ide.mcu.externaltools.gnu-tools-for-stm32.12.3.rel1.win32_1.0.200.202406191623/tools/bin/../lib/gcc/arm-none-eabi/12.3.1/thumb/v7e-m+fp/hard/crtbegin.o

.rodata         0x0800bf04      0x1cc
                0x0800bf04                        . = ALIGN (0x4)
 *(.rodata)
 .rodata        0x0800bf04       0x65 ./Core/Src/application.o
 *fill*         0x0800bf69        0x3 
 .rodata        0x0800bf6c       0x37 ./Core/Src/vl53l1_api.o
 *fill*         0x0800bfa3        0x1 
 .rodata        0x0800bfa4       0x2c ./Drivers/STM32WBxx_HAL_Driver/Src/stm32wbxx_hal_rcc.o
 *(.rodata*)
 .rodata.AHBPrescTable
                0x0800bfd0       0x40 ./Core/Src/system_stm32wbxx.o
                0x0800bfd0                AHBPrescTable
 .rodata.APBPrescTable
                0x0800c010       0x20 ./Core/Src/system_stm32wbxx.o
                0x0800c010                APBPrescTable
 .rodata.MSIRangeTable
                0x0800c030       0x40 ./Core/Src/system_stm32wbxx.o
                0x0800c030                MSIRangeTable
 .rodata.GPIO_PIN
                0x0800c070        0x6 ./Drivers/BSP/P-NUCLEO-WB55.Nucleo/stm32wbxx_nucleo.o
                0x0800c070                GPIO_PIN
 *fill*         0x0800c076        0x2 
 .rodata.BUTTON_PIN
                0x0800c078        0x6 ./Drivers/BSP/P-NUCLEO-WB55.Nucleo/stm32wbxx_nucleo.o
                0x0800c078                BUTTON_PIN
 *fill*         0x0800c07e        0x2 
 .rodata.BUTTON_IRQn
                0x0800c080        0x3 ./Drivers/BSP/P-NUCLEO-WB55.Nucleo/stm32wbxx_nucleo.o
                0x0800c080                BUTTON_IRQn
 *fill*         0x0800c083        0x1 
 .rodata.UARTPrescTable
                0x0800c084       0x18 ./Drivers/STM32WBxx_HAL_Driver/Src/stm32wbxx_hal_uart.o
                0x0800c084                UARTPrescTable
 .rodata._vfprintf_r.str1.1
                0x0800c09c       0x11 C:/Program Files/STM32CubeIDE_1.16.1/STM32CubeIDE/plugins/com.st.stm32cube.ide.mcu.externaltools.gnu-tools-for-stm32.12.3.rel1.win32_1.0.200.202406191623/tools/bin/../lib/gcc/arm-none-eabi/12.3.1/../../../../arm-none-eabi/lib/thumb/v7e-m+fp/hard\libc_nano.a(libc_a-nano-vfprintf.o)
 .rodata._printf_i.str1.1
                0x0800c0ad       0x22 C:/Program Files/STM32CubeIDE_1.16.1/STM32CubeIDE/plugins/com.st.stm32cube.ide.mcu.externaltools.gnu-tools-for-stm32.12.3.rel1.win32_1.0.200.202406191623/tools/bin/../lib/gcc/arm-none-eabi/12.3.1/../../../../arm-none-eabi/lib/thumb/v7e-m+fp/hard\libc_nano.a(libc_a-nano-vfprintf_i.o)
                0x0800c0d0                        . = ALIGN (0x4)
 *fill*         0x0800c0cf        0x1 

.ARM.extab
 *(.ARM.extab* .gnu.linkonce.armextab.*)

.ARM            0x0800c0d0        0x8
                0x0800c0d0                        __exidx_start = .
 *(.ARM.exidx*)
 .ARM.exidx     0x0800c0d0        0x8 C:/Program Files/STM32CubeIDE_1.16.1/STM32CubeIDE/plugins/com.st.stm32cube.ide.mcu.externaltools.gnu-tools-for-stm32.12.3.rel1.win32_1.0.200.202406191623/tools/bin/../lib/gcc/arm-none-eabi/12.3.1/../../../../arm-none-eabi/lib/thumb/v7e-m+fp/hard\libc_nano.a(libc_a-memchr.o)
 .ARM.exidx     0x0800c0d8        0x0 C:/Program Files/STM32CubeIDE_1.16.1/STM32CubeIDE/plugins/com.st.stm32cube.ide.mcu.externaltools.gnu-tools-for-stm32.12.3.rel1.win32_1.0.200.202406191623/tools/bin/../lib/gcc/arm-none-eabi/12.3.1/thumb/v7e-m+fp/hard\libgcc.a(_udivmoddi4.o)
                                  0x8 (size before relaxing)
                0x0800c0d8                        __exidx_end = .

.preinit_array  0x0800c0d8        0x0
                0x0800c0d8                        PROVIDE (__preinit_array_start = .)
 *(.preinit_array*)
                0x0800c0d8                        PROVIDE (__preinit_array_end = .)

.init_array     0x0800c0d8        0x4
                0x0800c0d8                        PROVIDE (__init_array_start = .)
 *(SORT_BY_NAME(.init_array.*))
 *(.init_array*)
 .init_array    0x0800c0d8        0x4 C:/Program Files/STM32CubeIDE_1.16.1/STM32CubeIDE/plugins/com.st.stm32cube.ide.mcu.externaltools.gnu-tools-for-stm32.12.3.rel1.win32_1.0.200.202406191623/tools/bin/../lib/gcc/arm-none-eabi/12.3.1/thumb/v7e-m+fp/hard/crtbegin.o
                0x0800c0dc                        PROVIDE (__init_array_end = .)

.fini_array     0x0800c0dc        0x4
                [!provide]                        PROVIDE (__fini_array_start = .)
 *(SORT_BY_NAME(.fini_array.*))
 *(.fini_array*)
 .fini_array    0x0800c0dc        0x4 C:/Program Files/STM32CubeIDE_1.16.1/STM32CubeIDE/plugins/com.st.stm32cube.ide.mcu.externaltools.gnu-tools-for-stm32.12.3.rel1.win32_1.0.200.202406191623/tools/bin/../lib/gcc/arm-none-eabi/12.3.1/thumb/v7e-m+fp/hard/crtbegin.o
                [!provide]                        PROVIDE (__fini_array_end = .)
                0x0800c0e0                        _sidata = LOADADDR (.data)

.rel.dyn        0x0800c0e0        0x0
 .rel.iplt      0x0800c0e0        0x0 C:/Program Files/STM32CubeIDE_1.16.1/STM32CubeIDE/plugins/com.st.stm32cube.ide.mcu.externaltools.gnu-tools-for-stm32.12.3.rel1.win32_1.0.200.202406191623/tools/bin/../lib/gcc/arm-none-eabi/12.3.1/thumb/v7e-m+fp/hard/crtbegin.o

.data           0x20000008       0xb8 load address 0x0800c0e0
                0x20000008                        . = ALIGN (0x4)
                0x20000008                        _sdata = .
 *(.data)
 *(.data*)
 .data.Dev      0x20000008        0x4 ./Core/Src/application.o
                0x20000008                Dev
 .data.SystemCoreClock
                0x2000000c        0x4 ./Core/Src/system_stm32wbxx.o
                0x2000000c                SystemCoreClock
 .data.BDTable  0x20000010       0x30 ./Core/Src/vl53l1_api.o
 .data.GPIO_PORT
                0x20000040        0xc ./Drivers/BSP/P-NUCLEO-WB55.Nucleo/stm32wbxx_nucleo.o
                0x20000040                GPIO_PORT
 .data.BUTTON_PORT
                0x2000004c        0xc ./Drivers/BSP/P-NUCLEO-WB55.Nucleo/stm32wbxx_nucleo.o
                0x2000004c                BUTTON_PORT
 .data.COM_USART
                0x20000058        0x4 ./Drivers/BSP/P-NUCLEO-WB55.Nucleo/stm32wbxx_nucleo.o
 .data.uwTickPrio
                0x2000005c        0x4 ./Drivers/STM32WBxx_HAL_Driver/Src/stm32wbxx_hal.o
                0x2000005c                uwTickPrio
 .data.uwTickFreq
                0x20000060        0x1 ./Drivers/STM32WBxx_HAL_Driver/Src/stm32wbxx_hal.o
                0x20000060                uwTickFreq
 *fill*         0x20000061        0x3 
 .data.__sglue  0x20000064        0xc C:/Program Files/STM32CubeIDE_1.16.1/STM32CubeIDE/plugins/com.st.stm32cube.ide.mcu.externaltools.gnu-tools-for-stm32.12.3.rel1.win32_1.0.200.202406191623/tools/bin/../lib/gcc/arm-none-eabi/12.3.1/../../../../arm-none-eabi/lib/thumb/v7e-m+fp/hard\libc_nano.a(libc_a-findfp.o)
                0x20000064                __sglue
 .data._impure_ptr
                0x20000070        0x4 C:/Program Files/STM32CubeIDE_1.16.1/STM32CubeIDE/plugins/com.st.stm32cube.ide.mcu.externaltools.gnu-tools-for-stm32.12.3.rel1.win32_1.0.200.202406191623/tools/bin/../lib/gcc/arm-none-eabi/12.3.1/../../../../arm-none-eabi/lib/thumb/v7e-m+fp/hard\libc_nano.a(libc_a-impure.o)
                0x20000070                _impure_ptr
 .data._impure_data
                0x20000074       0x4c C:/Program Files/STM32CubeIDE_1.16.1/STM32CubeIDE/plugins/com.st.stm32cube.ide.mcu.externaltools.gnu-tools-for-stm32.12.3.rel1.win32_1.0.200.202406191623/tools/bin/../lib/gcc/arm-none-eabi/12.3.1/../../../../arm-none-eabi/lib/thumb/v7e-m+fp/hard\libc_nano.a(libc_a-impure.o)
                0x20000074                _impure_data
 *(.RamFunc)
 *(.RamFunc*)
                0x200000c0                        . = ALIGN (0x4)
                0x200000c0                        _edata = .

.igot.plt       0x200000c0        0x0 load address 0x0800c198
 .igot.plt      0x200000c0        0x0 C:/Program Files/STM32CubeIDE_1.16.1/STM32CubeIDE/plugins/com.st.stm32cube.ide.mcu.externaltools.gnu-tools-for-stm32.12.3.rel1.win32_1.0.200.202406191623/tools/bin/../lib/gcc/arm-none-eabi/12.3.1/thumb/v7e-m+fp/hard/crtbegin.o
                0x200000c0                        . = ALIGN (0x4)

.bss            0x200000c0      0x720 load address 0x0800c198
                0x200000c0                        _sbss = .
                0x200000c0                        __bss_start__ = _sbss
 *(.bss)
 .bss           0x200000c0       0x1c C:/Program Files/STM32CubeIDE_1.16.1/STM32CubeIDE/plugins/com.st.stm32cube.ide.mcu.externaltools.gnu-tools-for-stm32.12.3.rel1.win32_1.0.200.202406191623/tools/bin/../lib/gcc/arm-none-eabi/12.3.1/thumb/v7e-m+fp/hard/crtbegin.o
 *(.bss*)
 .bss.dev       0x200000dc      0x3a0 ./Core/Src/application.o
                0x200000dc                dev
 .bss.deviceInfo
                0x2000047c       0x63 ./Core/Src/application.o
                0x2000047c                deviceInfo
 *fill*         0x200004df        0x1 
 .bss.BspCOMInit
                0x200004e0       0x10 ./Core/Src/main.o
                0x200004e0                BspCOMInit
 .bss.hi2c3     0x200004f0       0x54 ./Core/Src/main.o
                0x200004f0                hi2c3
 .bss.hspi1     0x20000544       0x64 ./Core/Src/main.o
                0x20000544                hspi1
 .bss.htim2     0x200005a8       0x4c ./Core/Src/main.o
                0x200005a8                htim2
 .bss.__sbrk_heap_end
                0x200005f4        0x4 ./Core/Src/sysmem.o
 .bss.hcom_uart
                0x200005f8       0x94 ./Drivers/BSP/P-NUCLEO-WB55.Nucleo/stm32wbxx_nucleo.o
                0x200005f8                hcom_uart
 .bss.COM_ActiveLogPort
                0x2000068c        0x1 ./Drivers/BSP/P-NUCLEO-WB55.Nucleo/stm32wbxx_nucleo.o
 *fill*         0x2000068d        0x3 
 .bss.uwTick    0x20000690        0x4 ./Drivers/STM32WBxx_HAL_Driver/Src/stm32wbxx_hal.o
                0x20000690                uwTick
 .bss.__sf      0x20000694      0x138 C:/Program Files/STM32CubeIDE_1.16.1/STM32CubeIDE/plugins/com.st.stm32cube.ide.mcu.externaltools.gnu-tools-for-stm32.12.3.rel1.win32_1.0.200.202406191623/tools/bin/../lib/gcc/arm-none-eabi/12.3.1/../../../../arm-none-eabi/lib/thumb/v7e-m+fp/hard\libc_nano.a(libc_a-findfp.o)
                0x20000694                __sf
 .bss.__stdio_exit_handler
                0x200007cc        0x4 C:/Program Files/STM32CubeIDE_1.16.1/STM32CubeIDE/plugins/com.st.stm32cube.ide.mcu.externaltools.gnu-tools-for-stm32.12.3.rel1.win32_1.0.200.202406191623/tools/bin/../lib/gcc/arm-none-eabi/12.3.1/../../../../arm-none-eabi/lib/thumb/v7e-m+fp/hard\libc_nano.a(libc_a-findfp.o)
                0x200007cc                __stdio_exit_handler
 .bss.errno     0x200007d0        0x4 C:/Program Files/STM32CubeIDE_1.16.1/STM32CubeIDE/plugins/com.st.stm32cube.ide.mcu.externaltools.gnu-tools-for-stm32.12.3.rel1.win32_1.0.200.202406191623/tools/bin/../lib/gcc/arm-none-eabi/12.3.1/../../../../arm-none-eabi/lib/thumb/v7e-m+fp/hard\libc_nano.a(libc_a-reent.o)
                0x200007d0                errno
 .bss.__lock___malloc_recursive_mutex
                0x200007d4        0x1 C:/Program Files/STM32CubeIDE_1.16.1/STM32CubeIDE/plugins/com.st.stm32cube.ide.mcu.externaltools.gnu-tools-for-stm32.12.3.rel1.win32_1.0.200.202406191623/tools/bin/../lib/gcc/arm-none-eabi/12.3.1/../../../../arm-none-eabi/lib/thumb/v7e-m+fp/hard\libc_nano.a(libc_a-lock.o)
                0x200007d4                __lock___malloc_recursive_mutex
 .bss.__lock___sfp_recursive_mutex
                0x200007d5        0x1 C:/Program Files/STM32CubeIDE_1.16.1/STM32CubeIDE/plugins/com.st.stm32cube.ide.mcu.externaltools.gnu-tools-for-stm32.12.3.rel1.win32_1.0.200.202406191623/tools/bin/../lib/gcc/arm-none-eabi/12.3.1/../../../../arm-none-eabi/lib/thumb/v7e-m+fp/hard\libc_nano.a(libc_a-lock.o)
                0x200007d5                __lock___sfp_recursive_mutex
 *fill*         0x200007d6        0x2 
 .bss.__malloc_sbrk_start
                0x200007d8        0x4 C:/Program Files/STM32CubeIDE_1.16.1/STM32CubeIDE/plugins/com.st.stm32cube.ide.mcu.externaltools.gnu-tools-for-stm32.12.3.rel1.win32_1.0.200.202406191623/tools/bin/../lib/gcc/arm-none-eabi/12.3.1/../../../../arm-none-eabi/lib/thumb/v7e-m+fp/hard\libc_nano.a(libc_a-mallocr.o)
                0x200007d8                __malloc_sbrk_start
 .bss.__malloc_free_list
                0x200007dc        0x4 C:/Program Files/STM32CubeIDE_1.16.1/STM32CubeIDE/plugins/com.st.stm32cube.ide.mcu.externaltools.gnu-tools-for-stm32.12.3.rel1.win32_1.0.200.202406191623/tools/bin/../lib/gcc/arm-none-eabi/12.3.1/../../../../arm-none-eabi/lib/thumb/v7e-m+fp/hard\libc_nano.a(libc_a-mallocr.o)
                0x200007dc                __malloc_free_list
 *(COMMON)
                0x200007e0                        . = ALIGN (0x4)
                0x200007e0                        _ebss = .
                0x200007e0                        __bss_end__ = _ebss

._user_heap_stack
                0x200007e0      0x600 load address 0x0800c198
                0x200007e0                        . = ALIGN (0x8)
                [!provide]                        PROVIDE (end = .)