../Core/Src/application.c:69:6:application	40	static
../Core/Src/application.c:149:13:handle_eStart_EntryFct	4	static
../Core/Src/application.c:153:13:handle_eStart	16	static
../Core/Src/application.c:164:13:handle_eSelectEpreuve_EntryFct	8	static
../Core/Src/application.c:172:13:handle_eSelectEpreuve	16	static
../Core/Src/application.c:204:13:handle_eEpreuve_1_EntryFct	8	static
../Core/Src/application.c:212:13:handle_eEpreuve_1	16	static
../Core/Src/application.c:235:13:handle_eEpreuve_1_ChargeEnergy_EntryFct	8	static
../Core/Src/application.c:240:13:handle_eEpreuve_1_ChargeEnergy	16	static
../Core/Src/application.c:253:13:handle_eEpreuve_1_StartLiftingProcess_EntryFct	4	static
../Core/Src/application.c:257:13:handle_eEpreuve_1_StartLiftingProcess	16	static
../Core/Src/application.c:267:13:handle_eEpreuve_1_StopLiftingProcess_EntryFct	4	static
../Core/Src/application.c:271:13:handle_eEpreuve_1_StopLiftingProcess	16	static
../Core/Src/application.c:281:13:handle_eEpreuve_1_LowerProcess_EntryFct	4	static
../Core/Src/application.c:285:13:handle_eEpreuve_1_LowerProcess	16	static
../Core/Src/application.c:295:13:handle_eEpreuve_2_EntryFct	8	static
../Core/Src/application.c:303:13:handle_eEpreuve_2	16	static
../Core/Src/application.c:323:13:handle_eEpreuve_3_EntryFct	4	static
../Core/Src/application.c:327:13:handle_eEpreuve_3	16	static
../Core/Src/application.c:337:13:handle_eEpreuve_3_ChargeEnergy_EntryFct	4	static
../Core/Src/application.c:341:13:handle_eEpreuve_3_ChargeEnergy	16	static
../Core/Src/application.c:351:13:handle_eEpreuve_3_StartLiftingProcess_EntryFct	4	static
../Core/Src/application.c:355:13:handle_eEpreuve_3_StartLiftingProcess	16	static
../Core/Src/application.c:365:13:handle_eEpreuve_3_StopLiftingProcess_EntryFct	4	static
../Core/Src/application.c:369:13:handle_eEpreuve_3_StopLiftingProcess	16	static
../Core/Src/application.c:379:13:handle_eEpreuve_3_LowerProcess_EntryFct	4	static
../Core/Src/application.c:383:13:handle_eEpreuve_3_LowerProcess	16	static
../Core/Src/application.c:393:13:handle_eEpreuve_3_EndofTime_EntryFct	4	static
../Core/Src/application.c:397:13:handle_eEpreuve_3_EndofTime	16	static
../Core/Src/application.c:426:13:tran	16	static
../Core/Src/application.c:439:6:TrotinettControlTask	24	static
../Core/Src/application.c:447:6:Trotinette_FSM	16	static
../Core/Src/application.c:457:14:MotorControl_getActualState	4	static
../Core/Src/application.c:462:13:updateEpreuveDisplay	8	static
../Core/Src/application.c:474:6:HAL_GPIO_EXTI_Callback	24	static
../Core/Src/application.c:538:6:HAL_TIM_PeriodElapsedCallback	16	static
