../Core/Src/application.c:66:6:application	56	static
../Core/Src/application.c:142:13:handle_eStart_EntryFct	4	static
../Core/Src/application.c:146:13:handle_eStart	16	static
../Core/Src/application.c:157:13:handle_eSelectEpreuve_EntryFct	8	static
../Core/Src/application.c:165:13:handle_eSelectEpreuve	16	static
../Core/Src/application.c:197:13:handle_eEpreuve_1_EntryFct	8	static
../Core/Src/application.c:205:13:handle_eEpreuve_1	16	static
../Core/Src/application.c:228:13:handle_eEpreuve_1_ChargeEnergy_EntryFct	8	static
../Core/Src/application.c:232:13:handle_eEpreuve_1_ChargeEnergy	16	static
../Core/Src/application.c:244:13:handle_eEpreuve_1_StartLiftingProcess_EntryFct	4	static
../Core/Src/application.c:248:13:handle_eEpreuve_1_StartLiftingProcess	16	static
../Core/Src/application.c:258:13:handle_eEpreuve_1_StopLiftingProcess_EntryFct	4	static
../Core/Src/application.c:262:13:handle_eEpreuve_1_StopLiftingProcess	16	static
../Core/Src/application.c:272:13:handle_eEpreuve_1_LowerProcess_EntryFct	4	static
../Core/Src/application.c:276:13:handle_eEpreuve_1_LowerProcess	16	static
../Core/Src/application.c:286:13:handle_eEpreuve_2_EntryFct	8	static
../Core/Src/application.c:294:13:handle_eEpreuve_2	16	static
../Core/Src/application.c:314:13:handle_eEpreuve_3_EntryFct	4	static
../Core/Src/application.c:318:13:handle_eEpreuve_3	16	static
../Core/Src/application.c:328:13:handle_eEpreuve_3_ChargeEnergy_EntryFct	4	static
../Core/Src/application.c:332:13:handle_eEpreuve_3_ChargeEnergy	16	static
../Core/Src/application.c:342:13:handle_eEpreuve_3_StartLiftingProcess_EntryFct	4	static
../Core/Src/application.c:346:13:handle_eEpreuve_3_StartLiftingProcess	16	static
../Core/Src/application.c:356:13:handle_eEpreuve_3_StopLiftingProcess_EntryFct	4	static
../Core/Src/application.c:360:13:handle_eEpreuve_3_StopLiftingProcess	16	static
../Core/Src/application.c:370:13:handle_eEpreuve_3_LowerProcess_EntryFct	4	static
../Core/Src/application.c:374:13:handle_eEpreuve_3_LowerProcess	16	static
../Core/Src/application.c:384:13:handle_eEpreuve_3_EndofTime_EntryFct	4	static
../Core/Src/application.c:388:13:handle_eEpreuve_3_EndofTime	16	static
../Core/Src/application.c:417:13:tran	16	static
../Core/Src/application.c:430:6:TrotinettControlTask	24	static
../Core/Src/application.c:438:6:Trotinette_FSM	16	static
../Core/Src/application.c:448:14:MotorControl_getActualState	4	static
../Core/Src/application.c:453:13:updateEpreuveDisplay	8	static
../Core/Src/application.c:465:6:HAL_GPIO_EXTI_Callback	48	static
../Core/Src/application.c:517:6:HAL_TIM_PeriodElapsedCallback	16	static
