../Core/Src/application.c:68:6:application	40	static
../Core/Src/application.c:140:13:handle_eStart_EntryFct	4	static
../Core/Src/application.c:144:13:handle_eStart	16	static
../Core/Src/application.c:155:13:handle_eSelectEpreuve_EntryFct	8	static
../Core/Src/application.c:163:13:handle_eSelectEpreuve	16	static
../Core/Src/application.c:195:13:handle_eEpreuve_1_EntryFct	8	static
../Core/Src/application.c:203:13:handle_eEpreuve_1	16	static
../Core/Src/application.c:226:13:handle_eEpreuve_1_ChargeEnergy_EntryFct	8	static
../Core/Src/application.c:230:13:handle_eEpreuve_1_ChargeEnergy	16	static
../Core/Src/application.c:243:13:handle_eEpreuve_1_StartLiftingProcess_EntryFct	4	static
../Core/Src/application.c:247:13:handle_eEpreuve_1_StartLiftingProcess	16	static
../Core/Src/application.c:257:13:handle_eEpreuve_1_StopLiftingProcess_EntryFct	4	static
../Core/Src/application.c:261:13:handle_eEpreuve_1_StopLiftingProcess	16	static
../Core/Src/application.c:271:13:handle_eEpreuve_1_LowerProcess_EntryFct	4	static
../Core/Src/application.c:275:13:handle_eEpreuve_1_LowerProcess	16	static
../Core/Src/application.c:285:13:handle_eEpreuve_2_EntryFct	8	static
../Core/Src/application.c:293:13:handle_eEpreuve_2	16	static
../Core/Src/application.c:313:13:handle_eEpreuve_3_EntryFct	4	static
../Core/Src/application.c:317:13:handle_eEpreuve_3	16	static
../Core/Src/application.c:327:13:handle_eEpreuve_3_ChargeEnergy_EntryFct	4	static
../Core/Src/application.c:331:13:handle_eEpreuve_3_ChargeEnergy	16	static
../Core/Src/application.c:341:13:handle_eEpreuve_3_StartLiftingProcess_EntryFct	4	static
../Core/Src/application.c:345:13:handle_eEpreuve_3_StartLiftingProcess	16	static
../Core/Src/application.c:355:13:handle_eEpreuve_3_StopLiftingProcess_EntryFct	4	static
../Core/Src/application.c:359:13:handle_eEpreuve_3_StopLiftingProcess	16	static
../Core/Src/application.c:369:13:handle_eEpreuve_3_LowerProcess_EntryFct	4	static
../Core/Src/application.c:373:13:handle_eEpreuve_3_LowerProcess	16	static
../Core/Src/application.c:383:13:handle_eEpreuve_3_EndofTime_EntryFct	4	static
../Core/Src/application.c:387:13:handle_eEpreuve_3_EndofTime	16	static
../Core/Src/application.c:416:13:tran	16	static
../Core/Src/application.c:429:6:TrotinettControlTask	24	static
../Core/Src/application.c:437:6:Trotinette_FSM	16	static
../Core/Src/application.c:447:14:MotorControl_getActualState	4	static
../Core/Src/application.c:452:13:updateEpreuveDisplay	8	static
../Core/Src/application.c:464:6:HAL_GPIO_EXTI_Callback	24	static
../Core/Src/application.c:516:6:HAL_TIM_PeriodElapsedCallback	16	static
