../Core/Src/application.c:68:6:application	40	static
../Core/Src/application.c:140:13:handle_eStart_EntryFct	4	static
../Core/Src/application.c:144:13:handle_eStart	16	static
../Core/Src/application.c:155:13:handle_eSelectEpreuve_EntryFct	8	static
../Core/Src/application.c:163:13:handle_eSelectEpreuve	16	static
../Core/Src/application.c:201:13:handle_eEpreuve_1_EntryFct	8	static
../Core/Src/application.c:209:13:handle_eEpreuve_1	16	static
../Core/Src/application.c:232:13:handle_eEpreuve_1_ChargeEnergy_EntryFct	8	static
../Core/Src/application.c:236:13:handle_eEpreuve_1_ChargeEnergy	16	static
../Core/Src/application.c:249:13:handle_eEpreuve_1_StartLiftingProcess_EntryFct	4	static
../Core/Src/application.c:253:13:handle_eEpreuve_1_StartLiftingProcess	16	static
../Core/Src/application.c:263:13:handle_eEpreuve_1_StopLiftingProcess_EntryFct	4	static
../Core/Src/application.c:267:13:handle_eEpreuve_1_StopLiftingProcess	16	static
../Core/Src/application.c:277:13:handle_eEpreuve_1_LowerProcess_EntryFct	4	static
../Core/Src/application.c:281:13:handle_eEpreuve_1_LowerProcess	16	static
../Core/Src/application.c:291:13:handle_eEpreuve_2_EntryFct	8	static
../Core/Src/application.c:299:13:handle_eEpreuve_2	16	static
../Core/Src/application.c:319:13:handle_eEpreuve_3_EntryFct	4	static
../Core/Src/application.c:323:13:handle_eEpreuve_3	16	static
../Core/Src/application.c:333:13:handle_eEpreuve_3_ChargeEnergy_EntryFct	4	static
../Core/Src/application.c:337:13:handle_eEpreuve_3_ChargeEnergy	16	static
../Core/Src/application.c:347:13:handle_eEpreuve_3_StartLiftingProcess_EntryFct	4	static
../Core/Src/application.c:351:13:handle_eEpreuve_3_StartLiftingProcess	16	static
../Core/Src/application.c:361:13:handle_eEpreuve_3_StopLiftingProcess_EntryFct	4	static
../Core/Src/application.c:365:13:handle_eEpreuve_3_StopLiftingProcess	16	static
../Core/Src/application.c:375:13:handle_eEpreuve_3_LowerProcess_EntryFct	4	static
../Core/Src/application.c:379:13:handle_eEpreuve_3_LowerProcess	16	static
../Core/Src/application.c:389:13:handle_eEpreuve_3_EndofTime_EntryFct	4	static
../Core/Src/application.c:393:13:handle_eEpreuve_3_EndofTime	16	static
../Core/Src/application.c:422:13:tran	16	static
../Core/Src/application.c:435:6:TrotinettControlTask	24	static
../Core/Src/application.c:443:6:Trotinette_FSM	16	static
../Core/Src/application.c:453:14:MotorControl_getActualState	4	static
../Core/Src/application.c:458:13:updateEpreuveDisplay	8	static
../Core/Src/application.c:470:6:HAL_GPIO_EXTI_Callback	24	static
../Core/Src/application.c:522:6:HAL_TIM_PeriodElapsedCallback	16	static
