../Core/Src/application.c:65:6:application	56	static
../Core/Src/application.c:141:13:handle_eStart_EntryFct	4	static
../Core/Src/application.c:145:13:handle_eStart	16	static
../Core/Src/application.c:156:13:handle_eSelectEpreuve_EntryFct	8	static
../Core/Src/application.c:164:13:handle_eSelectEpreuve	16	static
../Core/Src/application.c:196:13:handle_eEpreuve_1_EntryFct	4	static
../Core/Src/application.c:200:13:handle_eEpreuve_1	16	static
../Core/Src/application.c:216:13:handle_eEpreuve_1_ChargeEnergy_EntryFct	4	static
../Core/Src/application.c:220:13:handle_eEpreuve_1_ChargeEnergy	16	static
../Core/Src/application.c:230:13:handle_eEpreuve_1_StartLiftingProcess_EntryFct	4	static
../Core/Src/application.c:234:13:handle_eEpreuve_1_StartLiftingProcess	16	static
../Core/Src/application.c:244:13:handle_eEpreuve_1_StopLiftingProcess_EntryFct	4	static
../Core/Src/application.c:248:13:handle_eEpreuve_1_StopLiftingProcess	16	static
../Core/Src/application.c:258:13:handle_eEpreuve_1_LowerProcess_EntryFct	4	static
../Core/Src/application.c:262:13:handle_eEpreuve_1_LowerProcess	16	static
../Core/Src/application.c:272:13:handle_eEpreuve_2_EntryFct	4	static
../Core/Src/application.c:276:13:handle_eEpreuve_2	16	static
../Core/Src/application.c:286:13:handle_eEpreuve_3_EntryFct	4	static
../Core/Src/application.c:290:13:handle_eEpreuve_3	16	static
../Core/Src/application.c:300:13:handle_eEpreuve_3_ChargeEnergy_EntryFct	4	static
../Core/Src/application.c:304:13:handle_eEpreuve_3_ChargeEnergy	16	static
../Core/Src/application.c:314:13:handle_eEpreuve_3_StartLiftingProcess_EntryFct	4	static
../Core/Src/application.c:318:13:handle_eEpreuve_3_StartLiftingProcess	16	static
../Core/Src/application.c:328:13:handle_eEpreuve_3_StopLiftingProcess_EntryFct	4	static
../Core/Src/application.c:332:13:handle_eEpreuve_3_StopLiftingProcess	16	static
../Core/Src/application.c:342:13:handle_eEpreuve_3_LowerProcess_EntryFct	4	static
../Core/Src/application.c:346:13:handle_eEpreuve_3_LowerProcess	16	static
../Core/Src/application.c:356:13:handle_eEpreuve_3_EndofTime_EntryFct	4	static
../Core/Src/application.c:360:13:handle_eEpreuve_3_EndofTime	16	static
../Core/Src/application.c:389:13:tran	16	static
../Core/Src/application.c:402:6:TrotinettControlTask	24	static
../Core/Src/application.c:410:6:Trotinette_FSM	16	static
../Core/Src/application.c:420:14:MotorControl_getActualState	4	static
../Core/Src/application.c:425:13:updateEpreuveDisplay	8	static
../Core/Src/application.c:437:6:HAL_GPIO_EXTI_Callback	48	static
../Core/Src/application.c:489:6:HAL_TIM_PeriodElapsedCallback	16	static
