../Core/Src/display.c:44:6:Display_Initialize	8	static
../Core/Src/display.c:69:6:send_command_display	24	static
../Core/Src/display.c:81:6:send_data_display	16	static
../Core/Src/display.c:88:6:Clear_Display	8	static
../Core/Src/display.c:94:6:SH1106_Clear	144	static
../Core/Src/display.c:107:6:Return_Home	8	static
../Core/Src/display.c:112:6:Display_line_2	8	static
../Core/Src/display.c:117:6:Display_line_3	8	static
../Core/Src/display.c:122:6:Display_line_4	8	static
../Core/Src/display.c:129:6:sh1106SetCursor	16	static
../Core/Src/display.c:136:6:SH1106_GotoXY	24	static
../Core/Src/display.c:147:6:SH1106_WriteChar_5x7	32	static
../Core/Src/display.c:159:6:SH1106_WriteChar_8x16	16	static
../Core/Src/display.c:177:6:SH1106_WriteString	16	static
../Core/Src/display.c:193:6:SH1106_UpdateDisplay	16	static
../Core/Src/display.c:209:6:SH1106_WriteString_AllAtOnce	40	static
