../Drivers/STM32WBxx_HAL_Driver/Inc/stm32wbxx_ll_bus.h:539:22:LL_AHB2_GRP1_EnableClock	24	static
../Core/Src/main.c:76:5:main	8	static
../Core/Src/main.c:151:6:SystemClock_Config	112	static
../Core/Src/main.c:197:6:PeriphCommonClock_Config	88	static
../Core/Src/main.c:221:13:MX_I2C3_Init	8	static
../Core/Src/main.c:269:13:MX_SPI1_Init	8	static
../Core/Src/main.c:309:13:MX_TIM2_Init	40	static
../Core/Src/main.c:354:13:MX_GPIO_Init	32	static
../Core/Src/main.c:417:6:Error_Handler	4	static,ignoring_inline_asm
